[0.006s][info][gc] Using Parallel
[1.078s][info][gc] GC(0) Pause Young (Allocation Failure) 3M->1M(11M) 3.471ms
[3.923s][info][gc] GC(1) Pause Young (Allocation Failure) 4M->2M(11M) 2.526ms
[3.975s][info][gc] GC(2) Pause Young (Allocation Failure) 5M->3M(11M) 1.629ms
[4.021s][info][gc] GC(3) Pause Young (Allocation Failure) 6M->3M(11M) 2.703ms
[4.046s][info][gc] GC(4) Pause Young (Allocation Failure) 6M->5M(11M) 3.439ms
[4.216s][info][gc] GC(5) Pause Young (Allocation Failure) 8M->6M(10M) 2.721ms
[4.335s][info][gc] GC(6) Pause Young (Allocation Failure) 8M->6M(11M) 2.649ms
[10.367s][info][gc] GC(7) Pause Young (Allocation Failure) 8M->7M(11M) 2.395ms
[10.386s][info][gc] GC(8) Pause Full (Ergonomics) 7M->4M(11M) 18.650ms
[25.391s][info][gc] GC(9) Pause Young (Allocation Failure) 6M->4M(11M) 0.651ms
[42.398s][info][gc] GC(10) Pause Young (Allocation Failure) 6M->4M(11M) 0.394ms
[59.382s][info][gc] GC(11) Pause Young (Allocation Failure) 6M->4M(11M) 0.629ms
[67.409s][info][gc] GC(12) Pause Young (Allocation Failure) 6M->5M(11M) 0.433ms
[84.419s][info][gc] GC(13) Pause Young (Allocation Failure) 7M->5M(11M) 0.405ms
[94.294s][info][gc] GC(14) Pause Young (Allocation Failure) 6M->5M(11M) 0.226ms
[103.395s][info][gc] GC(15) Pause Young (Allocation Failure) 7M->6M(11M) 0.252ms
[120.432s][info][gc] GC(16) Pause Young (Allocation Failure) 8M->6M(11M) 0.322ms
[120.453s][info][gc] GC(17) Pause Full (Ergonomics) 6M->5M(11M) 20.451ms
[133.435s][info][gc] GC(18) Pause Young (Allocation Failure) 7M->5M(11M) 0.499ms
[151.444s][info][gc] GC(19) Pause Young (Allocation Failure) 7M->5M(11M) 0.365ms
[169.410s][info][gc] GC(20) Pause Young (Allocation Failure) 7M->5M(11M) 0.286ms
[186.456s][info][gc] GC(21) Pause Young (Allocation Failure) 7M->5M(11M) 0.217ms
[203.467s][info][gc] GC(22) Pause Young (Allocation Failure) 7M->5M(11M) 0.508ms
[221.477s][info][gc] GC(23) Pause Young (Allocation Failure) 7M->5M(11M) 0.689ms
[232.438s][info][gc] GC(24) Pause Young (Allocation Failure) 7M->5M(11M) 0.194ms
[241.428s][info][gc] GC(25) Pause Young (Allocation Failure) 7M->5M(11M) 0.215ms
[258.499s][info][gc] GC(26) Pause Young (Allocation Failure) 7M->5M(11M) 0.282ms
[269.653s][info][gc] GC(27) Pause Young (Allocation Failure) 7M->5M(11M) 0.202ms
[269.655s][info][gc] GC(28) Pause Young (Allocation Failure) 7M->6M(11M) 0.218ms
[269.659s][info][gc] GC(29) Pause Young (Allocation Failure) 8M->7M(11M) 0.341ms
[269.675s][info][gc] GC(30) Pause Full (Ergonomics) 7M->5M(11M) 16.287ms
[269.691s][info][gc] GC(31) Pause Young (Allocation Failure) 7M->5M(11M) 0.179ms
[269.701s][info][gc] GC(32) Pause Young (Allocation Failure) 7M->5M(11M) 0.139ms
[269.704s][info][gc] GC(33) Pause Young (Allocation Failure) 7M->6M(11M) 0.131ms
[269.706s][info][gc] GC(34) Pause Young (Allocation Failure) 8M->6M(11M) 0.151ms
[269.709s][info][gc] GC(35) Pause Young (Allocation Failure) 7M->6M(11M) 0.118ms
[269.712s][info][gc] GC(36) Pause Young (Allocation Failure) 8M->6M(11M) 0.155ms
[269.715s][info][gc] GC(37) Pause Young (Allocation Failure) 8M->6M(11M) 0.137ms
[269.717s][info][gc] GC(38) Pause Young (Allocation Failure) 8M->6M(11M) 0.107ms
[269.719s][info][gc] GC(39) Pause Young (Allocation Failure) 8M->6M(11M) 0.112ms
[269.722s][info][gc] GC(40) Pause Young (Allocation Failure) 8M->6M(11M) 0.114ms
[269.724s][info][gc] GC(41) Pause Young (Allocation Failure) 8M->6M(11M) 0.113ms
[269.727s][info][gc] GC(42) Pause Young (Allocation Failure) 8M->7M(11M) 0.114ms
[273.512s][info][gc] GC(43) Pause Young (Allocation Failure) 9M->7M(11M) 0.534ms
[291.520s][info][gc] GC(44) Pause Young (Allocation Failure) 9M->7M(11M) 0.826ms
[308.526s][info][gc] GC(45) Pause Young (Allocation Failure) 9M->7M(11M) 0.479ms
[326.540s][info][gc] GC(46) Pause Young (Allocation Failure) 9M->7M(11M) 0.438ms
[345.462s][info][gc] GC(47) Pause Young (Allocation Failure) 9M->7M(11M) 0.214ms
