[0.007s][info][gc] Using The Z Garbage Collector
[0.141s][info][gc] GC(0) Garbage Collection (Warmup) 6M(30%)->4M(20%)
[0.232s][info][gc] GC(1) Garbage Collection (Warmup) 4M(20%)->4M(20%)
[1.143s][info][gc] GC(2) Garbage Collection (Warmup) 6M(30%)->4M(20%)
[2.844s][info][gc] GC(3) Garbage Collection (Proactive) 6M(30%)->6M(30%)
[3.038s][info][gc] Allocation Stall (Attach Listener) 13.667ms
[3.040s][info][gc] GC(4) Garbage Collection (Allocation Rate) 20M(100%)->8M(40%)
[3.153s][info][gc] GC(5) Garbage Collection (Allocation Stall) 10M(50%)->8M(40%)
[3.249s][info][gc] GC(6) Garbage Collection (Allocation Rate) 10M(50%)->8M(40%)
[3.347s][info][gc] GC(7) Garbage Collection (Allocation Rate) 10M(50%)->8M(40%)
[3.441s][info][gc] GC(8) Garbage Collection (Allocation Rate) 8M(40%)->8M(40%)
[3.549s][info][gc] GC(9) Garbage Collection (Allocation Rate) 8M(40%)->6M(30%)
[3.645s][info][gc] GC(10) Garbage Collection (Allocation Rate) 8M(40%)->8M(40%)
[3.750s][info][gc] GC(11) Garbage Collection (Allocation Rate) 8M(40%)->6M(30%)
[3.853s][info][gc] GC(12) Garbage Collection (Allocation Rate) 8M(40%)->8M(40%)
[3.942s][info][gc] GC(13) Garbage Collection (Allocation Rate) 8M(40%)->8M(40%)
[4.545s][info][gc] GC(14) Garbage Collection (Allocation Rate) 8M(40%)->8M(40%)
[4.652s][info][gc] GC(15) Garbage Collection (Allocation Rate) 8M(40%)->8M(40%)
[4.747s][info][gc] GC(16) Garbage Collection (Allocation Rate) 10M(50%)->10M(50%)
[12.336s][info][gc] GC(17) Garbage Collection (Proactive) 12M(60%)->8M(40%)
[13.347s][info][gc] GC(18) Garbage Collection (Proactive) 10M(50%)->8M(40%)
[14.249s][info][gc] GC(19) Garbage Collection (Proactive) 10M(50%)->8M(40%)
[15.038s][info][gc] GC(20) Garbage Collection (Proactive) 10M(50%)->10M(50%)
[23.458s][info][gc] GC(21) Garbage Collection (Proactive) 12M(60%)->6M(30%)
[25.464s][info][gc] GC(22) Garbage Collection (Proactive) 8M(40%)->6M(30%)
[27.655s][info][gc] GC(23) Garbage Collection (Proactive) 8M(40%)->6M(30%)
[29.455s][info][gc] GC(24) Garbage Collection (Proactive) 8M(40%)->6M(30%)
[30.957s][info][gc] GC(25) Garbage Collection (Proactive) 8M(40%)->6M(30%)
[32.951s][info][gc] GC(26) Garbage Collection (Proactive) 8M(40%)->6M(30%)
[34.656s][info][gc] GC(27) Garbage Collection (Proactive) 8M(40%)->6M(30%)
[36.249s][info][gc] GC(28) Garbage Collection (Proactive) 8M(40%)->6M(30%)
[37.645s][info][gc] GC(29) Garbage Collection (Proactive) 8M(40%)->6M(30%)
[38.944s][info][gc] GC(30) Garbage Collection (Proactive) 8M(40%)->6M(30%)
[40.350s][info][gc] GC(31) Garbage Collection (Proactive) 8M(40%)->8M(40%)
[48.663s][info][gc] GC(32) Garbage Collection (Proactive) 12M(60%)->8M(40%)
[50.658s][info][gc] GC(33) Garbage Collection (Proactive) 10M(50%)->8M(40%)
[52.456s][info][gc] GC(34) Garbage Collection (Proactive) 10M(50%)->8M(40%)
[53.961s][info][gc] GC(35) Garbage Collection (Proactive) 10M(50%)->8M(40%)
[55.553s][info][gc] GC(36) Garbage Collection (Proactive) 10M(50%)->8M(40%)
[57.044s][info][gc] GC(37) Garbage Collection (Proactive) 10M(50%)->8M(40%)
[58.653s][info][gc] GC(38) Garbage Collection (Proactive) 10M(50%)->8M(40%)
[60.050s][info][gc] GC(39) Garbage Collection (Proactive) 10M(50%)->8M(40%)
[61.250s][info][gc] GC(40) Garbage Collection (Proactive) 10M(50%)->8M(40%)
[62.343s][info][gc] GC(41) Garbage Collection (Proactive) 10M(50%)->10M(50%)
[70.047s][info][gc] GC(42) Garbage Collection (Proactive) 12M(60%)->12M(60%)
[80.448s][info][gc] GC(43) Garbage Collection (Proactive) 14M(70%)->12M(60%)
[90.450s][info][gc] GC(44) Garbage Collection (Proactive) 14M(70%)->12M(60%)
[101.444s][info][gc] GC(45) Garbage Collection (Proactive) 14M(70%)->12M(60%)
[113.449s][info][gc] GC(46) Garbage Collection (Proactive) 14M(70%)->12M(60%)
[127.456s][info][gc] GC(47) Garbage Collection (Proactive) 14M(70%)->12M(60%)
[139.447s][info][gc] GC(48) Garbage Collection (Proactive) 14M(70%)->12M(60%)
[153.447s][info][gc] GC(49) Garbage Collection (Proactive) 14M(70%)->12M(60%)
[167.449s][info][gc] GC(50) Garbage Collection (Proactive) 14M(70%)->12M(60%)
[179.454s][info][gc] GC(51) Garbage Collection (Proactive) 14M(70%)->8M(40%)
[180.849s][info][gc] GC(52) Garbage Collection (Proactive) 10M(50%)->8M(40%)
[182.141s][info][gc] GC(53) Garbage Collection (Proactive) 10M(50%)->8M(40%)
[183.445s][info][gc] GC(54) Garbage Collection (Proactive) 10M(50%)->8M(40%)
[184.548s][info][gc] GC(55) Garbage Collection (Proactive) 10M(50%)->8M(40%)
[185.755s][info][gc] GC(56) Garbage Collection (Proactive) 10M(50%)->8M(40%)
[187.345s][info][gc] GC(57) Garbage Collection (Proactive) 10M(50%)->8M(40%)
[188.644s][info][gc] GC(58) Garbage Collection (Proactive) 10M(50%)->8M(40%)
[189.951s][info][gc] GC(59) Garbage Collection (Proactive) 10M(50%)->8M(40%)
[191.737s][info][gc] GC(60) Garbage Collection (Proactive) 12M(60%)->10M(50%)
[193.237s][info][gc] GC(61) Garbage Collection (Proactive) 12M(60%)->12M(60%)
[204.448s][info][gc] GC(62) Garbage Collection (Proactive) 14M(70%)->8M(40%)
[206.357s][info][gc] GC(63) Garbage Collection (Proactive) 10M(50%)->8M(40%)
[207.959s][info][gc] GC(64) Garbage Collection (Proactive) 10M(50%)->8M(40%)
[209.355s][info][gc] GC(65) Garbage Collection (Proactive) 10M(50%)->8M(40%)
[210.642s][info][gc] GC(66) Garbage Collection (Proactive) 10M(50%)->8M(40%)
[212.239s][info][gc] GC(67) Garbage Collection (Proactive) 10M(50%)->8M(40%)
[213.436s][info][gc] GC(68) Garbage Collection (Proactive) 10M(50%)->8M(40%)
[214.447s][info][gc] GC(69) Garbage Collection (Proactive) 10M(50%)->8M(40%)
[215.451s][info][gc] GC(70) Garbage Collection (Proactive) 10M(50%)->8M(40%)
[216.442s][info][gc] GC(71) Garbage Collection (Proactive) 10M(50%)->8M(40%)
[217.439s][info][gc] GC(72) Garbage Collection (Proactive) 10M(50%)->8M(40%)
[218.461s][info][gc] GC(73) Garbage Collection (Proactive) 10M(50%)->8M(40%)
[220.156s][info][gc] GC(74) Garbage Collection (Proactive) 10M(50%)->8M(40%)
[221.557s][info][gc] GC(75) Garbage Collection (Proactive) 10M(50%)->8M(40%)
[222.950s][info][gc] GC(76) Garbage Collection (Proactive) 10M(50%)->8M(40%)
[224.358s][info][gc] GC(77) Garbage Collection (Proactive) 10M(50%)->8M(40%)
[225.744s][info][gc] GC(78) Garbage Collection (Proactive) 10M(50%)->8M(40%)
[226.347s][info][gc] Allocation Stall (main) 1.873ms
[226.349s][info][gc] GC(79) Garbage Collection (Allocation Rate) 16M(80%)->16M(80%)
[226.369s][info][gc] Allocation Stall (main) 15.106ms
[226.370s][info][gc] GC(80) Garbage Collection (Allocation Stall) 20M(100%)->14M(70%)
[226.393s][info][gc] Allocation Stall (main) 14.801ms
[226.393s][info][gc] GC(81) Garbage Collection (Allocation Stall) 20M(100%)->14M(70%)
[226.426s][info][gc] Allocation Stall (JMX server connection timeout 23) 13.572ms
[226.426s][info][gc] Allocation Stall (RMI TCP Connection(3)-192.168.42.64) 13.437ms
[226.427s][info][gc] GC(82) Garbage Collection (Allocation Stall) 20M(100%)->10M(50%)
[226.444s][info][gc] GC(83) Garbage Collection (Allocation Stall) 10M(50%)->10M(50%)
[226.538s][info][gc] GC(84) Garbage Collection (Allocation Rate) 10M(50%)->10M(50%)
[226.659s][info][gc] GC(85) Garbage Collection (Allocation Rate) 10M(50%)->8M(40%)
[226.746s][info][gc] GC(86) Garbage Collection (Allocation Rate) 8M(40%)->8M(40%)
[226.844s][info][gc] GC(87) Garbage Collection (Allocation Rate) 8M(40%)->8M(40%)
[226.937s][info][gc] GC(88) Garbage Collection (Allocation Rate) 8M(40%)->8M(40%)
[227.052s][info][gc] GC(89) Garbage Collection (Allocation Rate) 8M(40%)->8M(40%)
[227.141s][info][gc] GC(90) Garbage Collection (Allocation Rate) 8M(40%)->8M(40%)
[227.256s][info][gc] GC(91) Garbage Collection (Allocation Rate) 8M(40%)->8M(40%)
[227.452s][info][gc] GC(92) Garbage Collection (Allocation Rate) 10M(50%)->8M(40%)
[227.546s][info][gc] GC(93) Garbage Collection (Allocation Rate) 8M(40%)->8M(40%)
[227.653s][info][gc] GC(94) Garbage Collection (Allocation Rate) 8M(40%)->8M(40%)
[227.753s][info][gc] GC(95) Garbage Collection (Allocation Rate) 8M(40%)->8M(40%)
[227.841s][info][gc] GC(96) Garbage Collection (Allocation Rate) 8M(40%)->8M(40%)
[227.947s][info][gc] GC(97) Garbage Collection (Allocation Rate) 8M(40%)->8M(40%)
[228.037s][info][gc] GC(98) Garbage Collection (Allocation Rate) 8M(40%)->8M(40%)
[228.157s][info][gc] GC(99) Garbage Collection (Allocation Rate) 8M(40%)->8M(40%)
[228.246s][info][gc] GC(100) Garbage Collection (Allocation Rate) 8M(40%)->8M(40%)
[229.744s][info][gc] GC(101) Garbage Collection (Proactive) 10M(50%)->8M(40%)
[231.058s][info][gc] GC(102) Garbage Collection (Proactive) 10M(50%)->8M(40%)
[232.545s][info][gc] GC(103) Garbage Collection (Proactive) 10M(50%)->8M(40%)
[233.949s][info][gc] GC(104) Garbage Collection (Proactive) 10M(50%)->8M(40%)
[235.256s][info][gc] GC(105) Garbage Collection (Proactive) 10M(50%)->8M(40%)
[237.245s][info][gc] GC(106) Garbage Collection (Proactive) 10M(50%)->8M(40%)
[238.949s][info][gc] GC(107) Garbage Collection (Proactive) 10M(50%)->8M(40%)
[240.357s][info][gc] GC(108) Garbage Collection (Proactive) 10M(50%)->8M(40%)
[241.949s][info][gc] GC(109) Garbage Collection (Proactive) 10M(50%)->8M(40%)
[243.249s][info][gc] GC(110) Garbage Collection (Proactive) 10M(50%)->8M(40%)
[244.736s][info][gc] GC(111) Garbage Collection (Proactive) 10M(50%)->8M(40%)
