[0.006s][info][gc] Using Serial
[3.627s][info][gc] GC(0) Pause Young (Allocation Failure) 13M->3M(48M) 7.371ms
[37.157s][info][gc] GC(1) Pause Young (Allocation Failure) 16M->4M(48M) 8.513ms
[37.167s][info][gc] GC(2) Pause Young (Allocation Failure) 18M->13M(48M) 6.782ms
[37.173s][info][gc] GC(3) Pause Young (Allocation Failure) 26M->22M(48M) 4.409ms
[37.181s][info][gc] GC(4) Pause Young (Allocation Failure) 35M->24M(48M) 1.730ms
[37.183s][info][gc] GC(5) Pause Young (Allocation Failure) 37M->37M(48M) 0.046ms
[37.200s][info][gc] GC(6) Pause Full (Allocation Failure) 37M->18M(48M) 15.969ms
[37.205s][info][gc] GC(7) Pause Young (Allocation Failure) 32M->27M(48M) 2.890ms
[37.208s][info][gc] GC(8) Pause Young (Allocation Failure) 40M->40M(48M) 0.047ms
[37.225s][info][gc] GC(9) Pause Full (Allocation Failure) 40M->11M(48M) 16.204ms
[37.230s][info][gc] GC(10) Pause Young (Allocation Failure) 24M->20M(48M) 2.397ms
[37.235s][info][gc] GC(11) Pause Young (Allocation Failure) 33M->29M(48M) 3.004ms
[37.238s][info][gc] GC(12) Pause Young (Allocation Failure) 42M->42M(48M) 0.045ms
[37.252s][info][gc] GC(13) Pause Full (Allocation Failure) 42M->14M(48M) 13.558ms
[37.256s][info][gc] GC(14) Pause Young (Allocation Failure) 28M->23M(48M) 2.262ms
[37.259s][info][gc] GC(15) Pause Young (Allocation Failure) 37M->37M(48M) 0.048ms
[37.272s][info][gc] GC(16) Pause Full (Allocation Failure) 37M->7M(48M) 13.634ms
[37.277s][info][gc] GC(17) Pause Young (Allocation Failure) 20M->16M(48M) 2.227ms
[37.281s][info][gc] GC(18) Pause Young (Allocation Failure) 29M->25M(48M) 2.522ms
[37.284s][info][gc] GC(19) Pause Young (Allocation Failure) 38M->38M(48M) 0.048ms
[37.297s][info][gc] GC(20) Pause Full (Allocation Failure) 38M->12M(48M) 12.997ms
[37.301s][info][gc] GC(21) Pause Young (Allocation Failure) 25M->20M(48M) 2.178ms
[37.305s][info][gc] GC(22) Pause Young (Allocation Failure) 34M->29M(48M) 2.741ms
[37.307s][info][gc] GC(23) Pause Young (Allocation Failure) 43M->43M(48M) 0.039ms
[37.320s][info][gc] GC(24) Pause Full (Allocation Failure) 43M->14M(48M) 13.122ms
[37.324s][info][gc] GC(25) Pause Young (Allocation Failure) 27M->23M(48M) 2.189ms
[37.326s][info][gc] GC(26) Pause Young (Allocation Failure) 36M->36M(48M) 0.042ms
[37.338s][info][gc] GC(27) Pause Full (Allocation Failure) 36M->8M(48M) 12.180ms
[37.342s][info][gc] GC(28) Pause Young (Allocation Failure) 21M->17M(48M) 2.231ms
[37.346s][info][gc] GC(29) Pause Young (Allocation Failure) 30M->26M(48M) 2.506ms
[37.348s][info][gc] GC(30) Pause Young (Allocation Failure) 39M->39M(48M) 0.054ms
[37.361s][info][gc] GC(31) Pause Full (Allocation Failure) 39M->10M(48M) 12.710ms
[37.364s][info][gc] GC(32) Pause Young (Allocation Failure) 23M->18M(48M) 2.213ms
[37.368s][info][gc] GC(33) Pause Young (Allocation Failure) 32M->27M(48M) 2.560ms
[37.370s][info][gc] GC(34) Pause Young (Allocation Failure) 41M->41M(48M) 0.043ms
[37.384s][info][gc] GC(35) Pause Full (Allocation Failure) 41M->14M(48M) 13.311ms
[37.387s][info][gc] GC(36) Pause Young (Allocation Failure) 27M->23M(48M) 2.200ms
[37.389s][info][gc] GC(37) Pause Young (Allocation Failure) 36M->36M(48M) 0.045ms
[37.401s][info][gc] GC(38) Pause Full (Allocation Failure) 36M->7M(48M) 11.867ms
[37.405s][info][gc] GC(39) Pause Young (Allocation Failure) 21M->16M(48M) 2.218ms
[37.409s][info][gc] GC(40) Pause Young (Allocation Failure) 30M->25M(48M) 2.530ms
[37.411s][info][gc] GC(41) Pause Young (Allocation Failure) 39M->39M(48M) 0.042ms
[37.423s][info][gc] GC(42) Pause Full (Allocation Failure) 39M->10M(48M) 12.572ms
[37.427s][info][gc] GC(43) Pause Young (Allocation Failure) 24M->19M(48M) 2.167ms
[37.431s][info][gc] GC(44) Pause Young (Allocation Failure) 33M->28M(48M) 2.526ms
[37.433s][info][gc] GC(45) Pause Young (Allocation Failure) 42M->42M(48M) 0.043ms
[37.446s][info][gc] GC(46) Pause Full (Allocation Failure) 42M->12M(48M) 13.347ms
[37.450s][info][gc] GC(47) Pause Young (Allocation Failure) 25M->21M(48M) 2.319ms
[37.453s][info][gc] GC(48) Pause Young (Allocation Failure) 34M->21M(48M) 0.637ms
[37.454s][info][gc] GC(49) Pause Young (Allocation Failure) 34M->34M(48M) 0.044ms
[37.468s][info][gc] GC(50) Pause Full (Allocation Failure) 34M->16M(48M) 13.599ms
[37.472s][info][gc] GC(51) Pause Young (Allocation Failure) 30M->25M(48M) 2.203ms
[37.473s][info][gc] GC(52) Pause Young (Allocation Failure) 39M->39M(48M) 0.043ms
[37.486s][info][gc] GC(53) Pause Full (Allocation Failure) 39M->10M(48M) 12.376ms
[37.490s][info][gc] GC(54) Pause Young (Allocation Failure) 23M->19M(48M) 2.249ms
[37.494s][info][gc] GC(55) Pause Young (Allocation Failure) 32M->28M(48M) 2.570ms
[37.496s][info][gc] GC(56) Pause Young (Allocation Failure) 41M->41M(48M) 0.042ms
[37.509s][info][gc] GC(57) Pause Full (Allocation Failure) 41M->13M(48M) 12.974ms
[37.512s][info][gc] GC(58) Pause Young (Allocation Failure) 26M->22M(48M) 2.176ms
[37.514s][info][gc] GC(59) Pause Young (Allocation Failure) 35M->35M(48M) 0.042ms
[37.526s][info][gc] GC(60) Pause Full (Allocation Failure) 35M->5M(48M) 11.462ms
[37.530s][info][gc] GC(61) Pause Young (Allocation Failure) 19M->14M(48M) 2.214ms
[37.534s][info][gc] GC(62) Pause Young (Allocation Failure) 28M->23M(48M) 2.537ms
[37.535s][info][gc] GC(63) Pause Young (Allocation Failure) 37M->37M(48M) 0.042ms
[37.548s][info][gc] GC(64) Pause Full (Allocation Failure) 37M->10M(48M) 12.419ms
[37.552s][info][gc] GC(65) Pause Young (Allocation Failure) 23M->18M(48M) 2.178ms
[37.556s][info][gc] GC(66) Pause Young (Allocation Failure) 32M->27M(48M) 2.526ms
[37.558s][info][gc] GC(67) Pause Young (Allocation Failure) 41M->41M(48M) 0.041ms
[37.570s][info][gc] GC(68) Pause Full (Allocation Failure) 41M->12M(48M) 12.778ms
[37.574s][info][gc] GC(69) Pause Young (Allocation Failure) 26M->21M(48M) 2.198ms
[37.576s][info][gc] GC(70) Pause Young (Allocation Failure) 34M->34M(48M) 0.042ms
[37.587s][info][gc] GC(71) Pause Full (Allocation Failure) 34M->6M(48M) 11.360ms
[37.591s][info][gc] GC(72) Pause Young (Allocation Failure) 20M->15M(48M) 2.232ms
[37.595s][info][gc] GC(73) Pause Young (Allocation Failure) 28M->24M(48M) 2.588ms
[37.597s][info][gc] GC(74) Pause Young (Allocation Failure) 37M->37M(48M) 0.048ms
[37.609s][info][gc] GC(75) Pause Full (Allocation Failure) 37M->8M(48M) 12.212ms
[37.613s][info][gc] GC(76) Pause Young (Allocation Failure) 21M->17M(48M) 2.202ms
[37.617s][info][gc] GC(77) Pause Young (Allocation Failure) 30M->26M(48M) 2.514ms
[37.619s][info][gc] GC(78) Pause Young (Allocation Failure) 39M->39M(48M) 0.045ms
[37.632s][info][gc] GC(79) Pause Full (Allocation Failure) 39M->12M(48M) 12.810ms
[37.636s][info][gc] GC(80) Pause Young (Allocation Failure) 26M->21M(48M) 2.196ms
[37.638s][info][gc] GC(81) Pause Young (Allocation Failure) 35M->35M(48M) 0.046ms
[37.649s][info][gc] GC(82) Pause Full (Allocation Failure) 35M->6M(48M) 11.561ms
[37.653s][info][gc] GC(83) Pause Young (Allocation Failure) 19M->15M(48M) 2.268ms
[37.657s][info][gc] GC(84) Pause Young (Allocation Failure) 28M->24M(48M) 2.654ms
[37.659s][info][gc] GC(85) Pause Young (Allocation Failure) 37M->37M(48M) 0.052ms
[37.672s][info][gc] GC(86) Pause Full (Allocation Failure) 37M->9M(48M) 12.054ms
[37.675s][info][gc] GC(87) Pause Young (Allocation Failure) 22M->18M(48M) 2.169ms
[37.680s][info][gc] GC(88) Pause Young (Allocation Failure) 31M->27M(48M) 2.500ms
[37.682s][info][gc] GC(89) Pause Young (Allocation Failure) 40M->40M(48M) 0.050ms
[37.695s][info][gc] GC(90) Pause Full (Allocation Failure) 40M->11M(48M) 13.119ms
[37.699s][info][gc] GC(91) Pause Young (Allocation Failure) 24M->19M(48M) 2.181ms
[37.701s][info][gc] GC(92) Pause Young (Allocation Failure) 33M->19M(48M) 0.457ms
[37.705s][info][gc] GC(93) Pause Young (Allocation Failure) 32M->28M(48M) 2.743ms
[37.707s][info][gc] GC(94) Pause Young (Allocation Failure) 41M->41M(48M) 0.046ms
[37.722s][info][gc] GC(95) Pause Full (Allocation Failure) 41M->24M(48M) 15.108ms
[37.724s][info][gc] GC(96) Pause Young (Allocation Failure) 37M->37M(48M) 0.047ms
[37.736s][info][gc] GC(97) Pause Full (Allocation Failure) 37M->9M(48M) 12.335ms
[37.740s][info][gc] GC(98) Pause Young (Allocation Failure) 22M->18M(48M) 2.218ms
[37.744s][info][gc] GC(99) Pause Young (Allocation Failure) 31M->26M(48M) 2.649ms
[37.746s][info][gc] GC(100) Pause Young (Allocation Failure) 40M->40M(48M) 0.046ms
[37.759s][info][gc] GC(101) Pause Full (Allocation Failure) 40M->11M(48M) 12.807ms
[37.763s][info][gc] GC(102) Pause Young (Allocation Failure) 25M->20M(48M) 2.206ms
[37.765s][info][gc] GC(103) Pause Young (Allocation Failure) 34M->19M(48M) 0.417ms
[37.769s][info][gc] GC(104) Pause Young (Allocation Failure) 33M->28M(48M) 2.408ms
[37.771s][info][gc] GC(105) Pause Young (Allocation Failure) 42M->42M(48M) 0.042ms
[37.786s][info][gc] GC(106) Pause Full (Allocation Failure) 42M->22M(48M) 14.962ms
[37.787s][info][gc] GC(107) Pause Young (Allocation Failure) 36M->36M(48M) 0.043ms
[37.799s][info][gc] GC(108) Pause Full (Allocation Failure) 36M->9M(48M) 11.897ms
[37.803s][info][gc] GC(109) Pause Young (Allocation Failure) 22M->18M(48M) 2.213ms
[37.807s][info][gc] GC(110) Pause Young (Allocation Failure) 31M->27M(48M) 2.517ms
[37.809s][info][gc] GC(111) Pause Young (Allocation Failure) 40M->40M(48M) 0.044ms
[37.822s][info][gc] GC(112) Pause Full (Allocation Failure) 40M->10M(48M) 12.635ms
[37.825s][info][gc] GC(113) Pause Young (Allocation Failure) 24M->19M(48M) 2.173ms
[37.829s][info][gc] GC(114) Pause Young (Allocation Failure) 32M->28M(48M) 2.488ms
[37.831s][info][gc] GC(115) Pause Young (Allocation Failure) 41M->41M(48M) 0.050ms
[37.846s][info][gc] GC(116) Pause Full (Allocation Failure) 41M->14M(48M) 14.281ms
[37.849s][info][gc] GC(117) Pause Young (Allocation Failure) 28M->23M(48M) 2.237ms
[37.851s][info][gc] GC(118) Pause Young (Allocation Failure) 37M->37M(48M) 0.041ms
[37.864s][info][gc] GC(119) Pause Full (Allocation Failure) 37M->7M(48M) 13.233ms
[37.869s][info][gc] GC(120) Pause Young (Allocation Failure) 20M->16M(48M) 2.617ms
[37.873s][info][gc] GC(121) Pause Young (Allocation Failure) 29M->25M(48M) 2.887ms
[37.876s][info][gc] GC(122) Pause Young (Allocation Failure) 38M->38M(48M) 0.047ms
[37.889s][info][gc] GC(123) Pause Full (Allocation Failure) 38M->11M(48M) 13.310ms
[37.893s][info][gc] GC(124) Pause Young (Allocation Failure) 25M->20M(48M) 2.256ms
[37.895s][info][gc] GC(125) Pause Young (Allocation Failure) 33M->33M(48M) 0.050ms
[37.909s][info][gc] GC(126) Pause Full (Allocation Failure) 33M->29M(48M) 14.462ms
[37.911s][info][gc] GC(127) Pause Young (Allocation Failure) 42M->42M(48M) 0.045ms
[37.925s][info][gc] GC(128) Pause Full (Allocation Failure) 42M->14M(48M) 13.969ms
[37.929s][info][gc] GC(129) Pause Young (Allocation Failure) 27M->22M(48M) 2.527ms
[37.931s][info][gc] GC(130) Pause Young (Allocation Failure) 36M->36M(48M) 0.045ms
[37.943s][info][gc] GC(131) Pause Full (Allocation Failure) 36M->7M(48M) 12.456ms
[37.947s][info][gc] GC(132) Pause Young (Allocation Failure) 20M->15M(48M) 2.267ms
[37.952s][info][gc] GC(133) Pause Young (Allocation Failure) 29M->24M(48M) 2.809ms
[37.953s][info][gc] GC(134) Pause Young (Allocation Failure) 38M->38M(48M) 0.044ms
[37.967s][info][gc] GC(135) Pause Full (Allocation Failure) 38M->11M(48M) 13.159ms
[37.970s][info][gc] GC(136) Pause Young (Allocation Failure) 24M->20M(48M) 2.184ms
[37.975s][info][gc] GC(137) Pause Young (Allocation Failure) 33M->29M(48M) 2.809ms
[37.976s][info][gc] GC(138) Pause Young (Allocation Failure) 42M->42M(48M) 0.046ms
[37.990s][info][gc] GC(139) Pause Full (Allocation Failure) 42M->13M(48M) 13.741ms
[37.994s][info][gc] GC(140) Pause Young (Allocation Failure) 27M->22M(48M) 2.209ms
[37.996s][info][gc] GC(141) Pause Young (Allocation Failure) 36M->36M(48M) 0.052ms
[38.008s][info][gc] GC(142) Pause Full (Allocation Failure) 36M->7M(48M) 12.480ms
[38.012s][info][gc] GC(143) Pause Young (Allocation Failure) 21M->16M(48M) 2.238ms
[38.017s][info][gc] GC(144) Pause Young (Allocation Failure) 30M->25M(48M) 2.759ms
[38.019s][info][gc] GC(145) Pause Young (Allocation Failure) 38M->38M(48M) 0.051ms
[38.032s][info][gc] GC(146) Pause Full (Allocation Failure) 38M->9M(48M) 12.905ms
[38.035s][info][gc] GC(147) Pause Young (Allocation Failure) 22M->18M(48M) 2.168ms
[38.039s][info][gc] GC(148) Pause Young (Allocation Failure) 31M->27M(48M) 2.542ms
[38.041s][info][gc] GC(149) Pause Young (Allocation Failure) 40M->40M(48M) 0.047ms
[38.055s][info][gc] GC(150) Pause Full (Allocation Failure) 40M->13M(48M) 13.622ms
[38.059s][info][gc] GC(151) Pause Young (Allocation Failure) 26M->22M(48M) 2.205ms
[38.061s][info][gc] GC(152) Pause Young (Allocation Failure) 35M->35M(48M) 0.045ms
[38.073s][info][gc] GC(153) Pause Full (Allocation Failure) 35M->6M(48M) 11.994ms
[38.076s][info][gc] GC(154) Pause Young (Allocation Failure) 20M->15M(48M) 2.251ms
[38.081s][info][gc] GC(155) Pause Young (Allocation Failure) 29M->24M(48M) 2.653ms
[38.082s][info][gc] GC(156) Pause Young (Allocation Failure) 38M->38M(48M) 0.044ms
[38.095s][info][gc] GC(157) Pause Full (Allocation Failure) 38M->9M(48M) 12.921ms
[38.099s][info][gc] GC(158) Pause Young (Allocation Failure) 22M->18M(48M) 2.389ms
[38.104s][info][gc] GC(159) Pause Young (Allocation Failure) 31M->27M(48M) 2.539ms
[38.105s][info][gc] GC(160) Pause Young (Allocation Failure) 40M->40M(48M) 0.044ms
[38.119s][info][gc] GC(161) Pause Full (Allocation Failure) 40M->11M(48M) 13.637ms
[38.123s][info][gc] GC(162) Pause Young (Allocation Failure) 24M->20M(48M) 2.203ms
[38.125s][info][gc] GC(163) Pause Young (Allocation Failure) 33M->20M(48M) 0.571ms
[38.129s][info][gc] GC(164) Pause Young (Allocation Failure) 33M->29M(48M) 2.558ms
[38.131s][info][gc] GC(165) Pause Young (Allocation Failure) 42M->42M(48M) 0.046ms
[38.146s][info][gc] GC(166) Pause Full (Allocation Failure) 42M->24M(48M) 15.152ms
[38.148s][info][gc] GC(167) Pause Young (Allocation Failure) 38M->38M(48M) 0.047ms
[38.161s][info][gc] GC(168) Pause Full (Allocation Failure) 38M->9M(48M) 12.596ms
[38.164s][info][gc] GC(169) Pause Young (Allocation Failure) 22M->18M(48M) 2.226ms
[38.168s][info][gc] GC(170) Pause Young (Allocation Failure) 31M->27M(48M) 2.786ms
[38.170s][info][gc] GC(171) Pause Young (Allocation Failure) 40M->40M(48M) 0.043ms
[38.184s][info][gc] GC(172) Pause Full (Allocation Failure) 40M->12M(48M) 13.403ms
[38.187s][info][gc] GC(173) Pause Young (Allocation Failure) 25M->21M(48M) 2.203ms
[38.189s][info][gc] GC(174) Pause Young (Allocation Failure) 34M->34M(48M) 0.048ms
[38.201s][info][gc] GC(175) Pause Full (Allocation Failure) 34M->5M(48M) 12.109ms
[38.206s][info][gc] GC(176) Pause Young (Allocation Failure) 18M->13M(48M) 2.517ms
[38.210s][info][gc] GC(177) Pause Young (Allocation Failure) 27M->22M(48M) 2.927ms
[38.213s][info][gc] GC(178) Pause Young (Allocation Failure) 36M->36M(48M) 0.049ms
[38.226s][info][gc] GC(179) Pause Full (Allocation Failure) 36M->9M(48M) 12.710ms
[38.230s][info][gc] GC(180) Pause Young (Allocation Failure) 22M->17M(48M) 2.742ms
[38.234s][info][gc] GC(181) Pause Young (Allocation Failure) 31M->26M(48M) 2.504ms
[38.236s][info][gc] GC(182) Pause Young (Allocation Failure) 40M->40M(48M) 0.049ms
[38.249s][info][gc] GC(183) Pause Full (Allocation Failure) 40M->12M(48M) 13.298ms
[38.253s][info][gc] GC(184) Pause Young (Allocation Failure) 25M->21M(48M) 2.181ms
[38.255s][info][gc] GC(185) Pause Young (Allocation Failure) 34M->34M(48M) 0.048ms
[38.271s][info][gc] GC(186) Pause Full (Allocation Failure) 34M->30M(48M) 15.722ms
[38.273s][info][gc] GC(187) Pause Young (Allocation Failure) 43M->43M(48M) 0.057ms
[38.286s][info][gc] GC(188) Pause Full (Allocation Failure) 43M->13M(48M) 13.781ms
[38.290s][info][gc] GC(189) Pause Young (Allocation Failure) 26M->22M(48M) 2.250ms
[38.292s][info][gc] GC(190) Pause Young (Allocation Failure) 35M->35M(48M) 0.044ms
[38.305s][info][gc] GC(191) Pause Full (Allocation Failure) 35M->9M(48M) 12.492ms
[38.308s][info][gc] GC(192) Pause Young (Allocation Failure) 22M->18M(48M) 2.226ms
[38.312s][info][gc] GC(193) Pause Young (Allocation Failure) 31M->27M(48M) 2.661ms
[38.314s][info][gc] GC(194) Pause Young (Allocation Failure) 40M->40M(48M) 0.044ms
[38.327s][info][gc] GC(195) Pause Full (Allocation Failure) 40M->11M(48M) 13.069ms
[38.331s][info][gc] GC(196) Pause Young (Allocation Failure) 25M->20M(48M) 2.201ms
[38.335s][info][gc] GC(197) Pause Young (Allocation Failure) 33M->29M(48M) 2.645ms
[38.337s][info][gc] GC(198) Pause Young (Allocation Failure) 42M->42M(48M) 0.046ms
[38.351s][info][gc] GC(199) Pause Full (Allocation Failure) 42M->14M(48M) 13.823ms
[38.355s][info][gc] GC(200) Pause Young (Allocation Failure) 27M->23M(48M) 2.189ms
[38.357s][info][gc] GC(201) Pause Young (Allocation Failure) 36M->36M(48M) 0.045ms
[38.369s][info][gc] GC(202) Pause Full (Allocation Failure) 36M->7M(48M) 12.534ms
[38.373s][info][gc] GC(203) Pause Young (Allocation Failure) 20M->16M(48M) 2.303ms
[38.378s][info][gc] GC(204) Pause Young (Allocation Failure) 29M->25M(48M) 2.651ms
[38.379s][info][gc] GC(205) Pause Young (Allocation Failure) 38M->38M(48M) 0.049ms
[38.393s][info][gc] GC(206) Pause Full (Allocation Failure) 38M->11M(48M) 13.046ms
[38.396s][info][gc] GC(207) Pause Young (Allocation Failure) 24M->20M(48M) 2.201ms
[38.401s][info][gc] GC(208) Pause Young (Allocation Failure) 33M->29M(48M) 2.751ms
[38.403s][info][gc] GC(209) Pause Young (Allocation Failure) 42M->42M(48M) 0.045ms
[38.417s][info][gc] GC(210) Pause Full (Allocation Failure) 42M->14M(48M) 13.988ms
[38.420s][info][gc] GC(211) Pause Young (Allocation Failure) 27M->23M(48M) 2.188ms
[38.422s][info][gc] GC(212) Pause Young (Allocation Failure) 36M->36M(48M) 0.042ms
[38.435s][info][gc] GC(213) Pause Full (Allocation Failure) 36M->8M(48M) 12.478ms
[38.439s][info][gc] GC(214) Pause Young (Allocation Failure) 21M->17M(48M) 2.477ms
[38.442s][info][gc] GC(215) Pause Young (Allocation Failure) 30M->25M(48M) 2.519ms
[38.444s][info][gc] GC(216) Pause Young (Allocation Failure) 39M->39M(48M) 0.052ms
[38.457s][info][gc] GC(217) Pause Full (Allocation Failure) 39M->9M(48M) 13.034ms
[38.461s][info][gc] GC(218) Pause Young (Allocation Failure) 23M->18M(48M) 2.534ms
[38.465s][info][gc] GC(219) Pause Young (Allocation Failure) 31M->27M(48M) 2.645ms
[38.467s][info][gc] GC(220) Pause Young (Allocation Failure) 40M->40M(48M) 0.044ms
[38.481s][info][gc] GC(221) Pause Full (Allocation Failure) 40M->13M(48M) 13.517ms
[38.485s][info][gc] GC(222) Pause Young (Allocation Failure) 27M->22M(48M) 2.333ms
[38.487s][info][gc] GC(223) Pause Young (Allocation Failure) 36M->36M(48M) 0.042ms
[38.499s][info][gc] GC(224) Pause Full (Allocation Failure) 36M->7M(48M) 12.450ms
[38.503s][info][gc] GC(225) Pause Young (Allocation Failure) 21M->16M(48M) 2.257ms
[38.507s][info][gc] GC(226) Pause Young (Allocation Failure) 29M->25M(48M) 2.834ms
[38.509s][info][gc] GC(227) Pause Young (Allocation Failure) 38M->38M(48M) 0.044ms
[38.522s][info][gc] GC(228) Pause Full (Allocation Failure) 38M->10M(48M) 13.063ms
[38.526s][info][gc] GC(229) Pause Young (Allocation Failure) 23M->19M(48M) 2.196ms
[38.530s][info][gc] GC(230) Pause Young (Allocation Failure) 32M->28M(48M) 2.900ms
[38.532s][info][gc] GC(231) Pause Young (Allocation Failure) 41M->41M(48M) 0.044ms
[38.546s][info][gc] GC(232) Pause Full (Allocation Failure) 41M->12M(48M) 13.816ms
[38.549s][info][gc] GC(233) Pause Young (Allocation Failure) 25M->21M(48M) 2.182ms
[38.551s][info][gc] GC(234) Pause Young (Allocation Failure) 34M->34M(48M) 0.046ms
[38.564s][info][gc] GC(235) Pause Full (Allocation Failure) 34M->8M(48M) 12.183ms
[38.567s][info][gc] GC(236) Pause Young (Allocation Failure) 21M->16M(48M) 2.223ms
[38.571s][info][gc] GC(237) Pause Young (Allocation Failure) 30M->25M(48M) 2.514ms
[38.573s][info][gc] GC(238) Pause Young (Allocation Failure) 39M->39M(48M) 0.057ms
[38.586s][info][gc] GC(239) Pause Full (Allocation Failure) 39M->10M(48M) 12.807ms
[38.590s][info][gc] GC(240) Pause Young (Allocation Failure) 23M->19M(48M) 2.181ms
[38.594s][info][gc] GC(241) Pause Young (Allocation Failure) 32M->28M(48M) 2.511ms
[38.596s][info][gc] GC(242) Pause Young (Allocation Failure) 41M->41M(48M) 0.049ms
[38.609s][info][gc] GC(243) Pause Full (Allocation Failure) 41M->13M(48M) 13.524ms
[38.613s][info][gc] GC(244) Pause Young (Allocation Failure) 26M->22M(48M) 2.303ms
[38.615s][info][gc] GC(245) Pause Young (Allocation Failure) 35M->35M(48M) 0.045ms
[38.628s][info][gc] GC(246) Pause Full (Allocation Failure) 35M->6M(48M) 12.959ms
[38.632s][info][gc] GC(247) Pause Young (Allocation Failure) 19M->15M(48M) 2.260ms
[38.636s][info][gc] GC(248) Pause Young (Allocation Failure) 28M->23M(48M) 2.505ms
[38.638s][info][gc] GC(249) Pause Young (Allocation Failure) 37M->37M(48M) 0.045ms
[38.651s][info][gc] GC(250) Pause Full (Allocation Failure) 37M->10M(48M) 12.875ms
[38.655s][info][gc] GC(251) Pause Young (Allocation Failure) 23M->19M(48M) 2.301ms
[38.659s][info][gc] GC(252) Pause Young (Allocation Failure) 32M->28M(48M) 2.628ms
[38.661s][info][gc] GC(253) Pause Young (Allocation Failure) 41M->41M(48M) 0.046ms
[38.674s][info][gc] GC(254) Pause Full (Allocation Failure) 41M->12M(48M) 13.637ms
[38.678s][info][gc] GC(255) Pause Young (Allocation Failure) 26M->21M(48M) 2.352ms
[38.680s][info][gc] GC(256) Pause Young (Allocation Failure) 35M->35M(48M) 0.046ms
[38.692s][info][gc] GC(257) Pause Full (Allocation Failure) 35M->7M(48M) 12.034ms
[38.695s][info][gc] GC(258) Pause Young (Allocation Failure) 20M->15M(48M) 2.240ms
[38.699s][info][gc] GC(259) Pause Young (Allocation Failure) 29M->24M(48M) 2.615ms
[38.701s][info][gc] GC(260) Pause Young (Allocation Failure) 38M->38M(48M) 0.045ms
[38.713s][info][gc] GC(261) Pause Full (Allocation Failure) 38M->8M(48M) 12.467ms
[38.717s][info][gc] GC(262) Pause Young (Allocation Failure) 22M->17M(48M) 2.278ms
[38.721s][info][gc] GC(263) Pause Young (Allocation Failure) 30M->26M(48M) 2.556ms
[38.722s][info][gc] GC(264) Pause Young (Allocation Failure) 39M->39M(48M) 0.044ms
[38.736s][info][gc] GC(265) Pause Full (Allocation Failure) 39M->13M(48M) 13.396ms
[38.739s][info][gc] GC(266) Pause Young (Allocation Failure) 26M->22M(48M) 2.205ms
[38.741s][info][gc] GC(267) Pause Young (Allocation Failure) 35M->35M(48M) 0.046ms
[38.753s][info][gc] GC(268) Pause Full (Allocation Failure) 35M->6M(48M) 11.881ms
[38.756s][info][gc] GC(269) Pause Young (Allocation Failure) 20M->15M(48M) 2.343ms
[38.760s][info][gc] GC(270) Pause Young (Allocation Failure) 28M->24M(48M) 2.795ms
[38.763s][info][gc] GC(271) Pause Young (Allocation Failure) 37M->37M(48M) 0.050ms
[38.777s][info][gc] GC(272) Pause Full (Allocation Failure) 37M->9M(48M) 13.069ms
[38.780s][info][gc] GC(273) Pause Young (Allocation Failure) 23M->18M(48M) 2.253ms
[38.784s][info][gc] GC(274) Pause Young (Allocation Failure) 31M->27M(48M) 2.537ms
[38.786s][info][gc] GC(275) Pause Young (Allocation Failure) 40M->40M(48M) 0.048ms
[38.799s][info][gc] GC(276) Pause Full (Allocation Failure) 40M->11M(48M) 13.113ms
[38.803s][info][gc] GC(277) Pause Young (Allocation Failure) 24M->20M(48M) 2.253ms
[38.805s][info][gc] GC(278) Pause Young (Allocation Failure) 33M->19M(48M) 0.554ms
[38.809s][info][gc] GC(279) Pause Young (Allocation Failure) 33M->28M(48M) 2.683ms
[38.810s][info][gc] GC(280) Pause Young (Allocation Failure) 42M->42M(48M) 0.049ms
[38.826s][info][gc] GC(281) Pause Full (Allocation Failure) 42M->24M(48M) 15.852ms
[38.828s][info][gc] GC(282) Pause Young (Allocation Failure) 38M->38M(48M) 0.045ms
[38.840s][info][gc] GC(283) Pause Full (Allocation Failure) 38M->9M(48M) 12.622ms
[38.845s][info][gc] GC(284) Pause Young (Allocation Failure) 22M->18M(48M) 2.748ms
[38.849s][info][gc] GC(285) Pause Young (Allocation Failure) 31M->27M(48M) 2.704ms
[38.850s][info][gc] GC(286) Pause Young (Allocation Failure) 40M->40M(48M) 0.049ms
[38.864s][info][gc] GC(287) Pause Full (Allocation Failure) 40M->12M(48M) 13.783ms
[38.868s][info][gc] GC(288) Pause Young (Allocation Failure) 25M->21M(48M) 2.420ms
[38.870s][info][gc] GC(289) Pause Young (Allocation Failure) 34M->34M(48M) 0.047ms
[38.882s][info][gc] GC(290) Pause Full (Allocation Failure) 34M->5M(48M) 12.107ms
[38.886s][info][gc] GC(291) Pause Young (Allocation Failure) 18M->13M(48M) 2.308ms
[38.890s][info][gc] GC(292) Pause Young (Allocation Failure) 27M->22M(48M) 2.846ms
[38.892s][info][gc] GC(293) Pause Young (Allocation Failure) 36M->36M(48M) 0.048ms
[38.905s][info][gc] GC(294) Pause Full (Allocation Failure) 36M->9M(48M) 12.956ms
[38.908s][info][gc] GC(295) Pause Young (Allocation Failure) 22M->18M(48M) 2.267ms
[38.913s][info][gc] GC(296) Pause Young (Allocation Failure) 31M->27M(48M) 2.903ms
[38.914s][info][gc] GC(297) Pause Young (Allocation Failure) 40M->40M(48M) 0.047ms
[38.928s][info][gc] GC(298) Pause Full (Allocation Failure) 40M->12M(48M) 13.942ms
[38.932s][info][gc] GC(299) Pause Young (Allocation Failure) 25M->20M(48M) 2.513ms
[38.934s][info][gc] GC(300) Pause Young (Allocation Failure) 34M->34M(48M) 0.055ms
[38.947s][info][gc] GC(301) Pause Full (Allocation Failure) 34M->5M(48M) 12.462ms
[38.951s][info][gc] GC(302) Pause Young (Allocation Failure) 19M->14M(48M) 2.664ms
[38.956s][info][gc] GC(303) Pause Young (Allocation Failure) 28M->23M(48M) 2.922ms
[38.957s][info][gc] GC(304) Pause Young (Allocation Failure) 37M->37M(48M) 0.048ms
[38.971s][info][gc] GC(305) Pause Full (Allocation Failure) 37M->7M(48M) 13.308ms
[38.975s][info][gc] GC(306) Pause Young (Allocation Failure) 21M->16M(48M) 2.381ms
[38.979s][info][gc] GC(307) Pause Young (Allocation Failure) 30M->25M(48M) 2.954ms
[38.981s][info][gc] GC(308) Pause Young (Allocation Failure) 38M->38M(48M) 0.046ms
[38.995s][info][gc] GC(309) Pause Full (Allocation Failure) 38M->12M(48M) 13.962ms
[38.999s][info][gc] GC(310) Pause Young (Allocation Failure) 25M->21M(48M) 2.437ms
[39.001s][info][gc] GC(311) Pause Young (Allocation Failure) 34M->34M(48M) 0.071ms
[39.013s][info][gc] GC(312) Pause Full (Allocation Failure) 34M->6M(48M) 12.537ms
[39.018s][info][gc] GC(313) Pause Young (Allocation Failure) 19M->14M(48M) 2.418ms
[39.022s][info][gc] GC(314) Pause Young (Allocation Failure) 28M->23M(48M) 2.709ms
[39.024s][info][gc] GC(315) Pause Young (Allocation Failure) 37M->37M(48M) 0.052ms
[39.037s][info][gc] GC(316) Pause Full (Allocation Failure) 37M->8M(48M) 13.500ms
[39.042s][info][gc] GC(317) Pause Young (Allocation Failure) 22M->17M(48M) 2.714ms
[39.047s][info][gc] GC(318) Pause Young (Allocation Failure) 31M->26M(48M) 3.282ms
[39.049s][info][gc] GC(319) Pause Young (Allocation Failure) 40M->40M(48M) 0.051ms
[39.064s][info][gc] GC(320) Pause Full (Allocation Failure) 40M->10M(48M) 14.541ms
[39.068s][info][gc] GC(321) Pause Young (Allocation Failure) 23M->19M(48M) 2.696ms
[39.074s][info][gc] GC(322) Pause Young (Allocation Failure) 32M->28M(48M) 4.039ms
[39.077s][info][gc] GC(323) Pause Young (Allocation Failure) 41M->41M(48M) 0.069ms
[39.096s][info][gc] GC(324) Pause Full (Allocation Failure) 41M->15M(48M) 18.901ms
[39.111s][info][gc] GC(325) Pause Young (Allocation Failure) 28M->24M(48M) 3.305ms
[39.115s][info][gc] GC(326) Pause Young (Allocation Failure) 37M->37M(48M) 0.070ms
[39.130s][info][gc] GC(327) Pause Full (Allocation Failure) 37M->8M(48M) 15.592ms
[39.137s][info][gc] GC(328) Pause Young (Allocation Failure) 21M->17M(48M) 4.044ms
[39.144s][info][gc] GC(329) Pause Young (Allocation Failure) 30M->26M(48M) 4.732ms
[39.147s][info][gc] GC(330) Pause Young (Allocation Failure) 39M->39M(48M) 0.080ms
[39.165s][info][gc] GC(331) Pause Full (Allocation Failure) 39M->11M(48M) 18.369ms
[39.169s][info][gc] GC(332) Pause Young (Allocation Failure) 24M->20M(48M) 2.375ms
[39.173s][info][gc] GC(333) Pause Young (Allocation Failure) 33M->29M(48M) 2.917ms
[39.175s][info][gc] GC(334) Pause Young (Allocation Failure) 42M->42M(48M) 0.050ms
[39.191s][info][gc] GC(335) Pause Full (Allocation Failure) 42M->13M(48M) 16.019ms
[39.196s][info][gc] GC(336) Pause Young (Allocation Failure) 26M->22M(48M) 2.776ms
[39.200s][info][gc] GC(337) Pause Young (Allocation Failure) 35M->35M(48M) 0.048ms
[39.213s][info][gc] GC(338) Pause Full (Allocation Failure) 35M->8M(48M) 12.825ms
[39.217s][info][gc] GC(339) Pause Young (Allocation Failure) 21M->17M(48M) 2.264ms
[39.221s][info][gc] GC(340) Pause Young (Allocation Failure) 30M->26M(48M) 2.756ms
[39.222s][info][gc] GC(341) Pause Young (Allocation Failure) 39M->39M(48M) 0.049ms
[39.236s][info][gc] GC(342) Pause Full (Allocation Failure) 39M->10M(48M) 13.551ms
[39.240s][info][gc] GC(343) Pause Young (Allocation Failure) 24M->19M(48M) 2.240ms
[39.244s][info][gc] GC(344) Pause Young (Allocation Failure) 33M->28M(48M) 2.576ms
[39.245s][info][gc] GC(345) Pause Young (Allocation Failure) 42M->42M(48M) 0.044ms
[39.260s][info][gc] GC(346) Pause Full (Allocation Failure) 42M->13M(48M) 14.304ms
[39.264s][info][gc] GC(347) Pause Young (Allocation Failure) 27M->22M(48M) 2.547ms
[39.265s][info][gc] GC(348) Pause Young (Allocation Failure) 36M->36M(48M) 0.049ms
[39.278s][info][gc] GC(349) Pause Full (Allocation Failure) 36M->6M(48M) 12.388ms
[39.281s][info][gc] GC(350) Pause Young (Allocation Failure) 20M->15M(48M) 2.326ms
[39.285s][info][gc] GC(351) Pause Young (Allocation Failure) 28M->24M(48M) 2.712ms
[39.287s][info][gc] GC(352) Pause Young (Allocation Failure) 37M->37M(48M) 0.045ms
[39.300s][info][gc] GC(353) Pause Full (Allocation Failure) 37M->11M(48M) 13.061ms
[39.304s][info][gc] GC(354) Pause Young (Allocation Failure) 24M->20M(48M) 2.201ms
[39.308s][info][gc] GC(355) Pause Young (Allocation Failure) 33M->29M(48M) 2.599ms
[39.310s][info][gc] GC(356) Pause Young (Allocation Failure) 42M->42M(48M) 0.052ms
[39.324s][info][gc] GC(357) Pause Full (Allocation Failure) 42M->13M(48M) 14.143ms
[39.327s][info][gc] GC(358) Pause Young (Allocation Failure) 26M->22M(48M) 2.180ms
[39.329s][info][gc] GC(359) Pause Young (Allocation Failure) 35M->35M(48M) 0.044ms
[39.342s][info][gc] GC(360) Pause Full (Allocation Failure) 35M->7M(48M) 12.628ms
[39.345s][info][gc] GC(361) Pause Young (Allocation Failure) 21M->16M(48M) 2.476ms
[39.350s][info][gc] GC(362) Pause Young (Allocation Failure) 29M->25M(48M) 2.714ms
[39.351s][info][gc] GC(363) Pause Young (Allocation Failure) 38M->38M(48M) 0.044ms
[39.365s][info][gc] GC(364) Pause Full (Allocation Failure) 38M->9M(48M) 13.437ms
[39.369s][info][gc] GC(365) Pause Young (Allocation Failure) 22M->18M(48M) 2.604ms
[39.373s][info][gc] GC(366) Pause Young (Allocation Failure) 31M->26M(48M) 2.951ms
[39.375s][info][gc] GC(367) Pause Young (Allocation Failure) 40M->40M(48M) 0.147ms
[39.390s][info][gc] GC(368) Pause Full (Allocation Failure) 40M->14M(48M) 15.149ms
[39.395s][info][gc] GC(369) Pause Young (Allocation Failure) 27M->22M(48M) 2.625ms
[55.196s][info][gc] GC(370) Pause Young (Allocation Failure) 36M->36M(48M) 0.049ms
[55.213s][info][gc] GC(371) Pause Full (Allocation Failure) 36M->28M(48M) 16.719ms
[99.426s][info][gc] GC(372) Pause Young (Allocation Failure) 41M->41M(48M) 0.052ms
[99.441s][info][gc] GC(373) Pause Full (Allocation Failure) 41M->11M(48M) 15.337ms
[99.445s][info][gc] GC(374) Pause Young (Allocation Failure) 24M->20M(48M) 2.354ms
[99.449s][info][gc] GC(375) Pause Young (Allocation Failure) 33M->29M(48M) 2.791ms
[99.451s][info][gc] GC(376) Pause Young (Allocation Failure) 42M->42M(48M) 0.056ms
[99.469s][info][gc] GC(377) Pause Full (Allocation Failure) 42M->12M(48M) 17.720ms
[99.473s][info][gc] GC(378) Pause Young (Allocation Failure) 25M->21M(48M) 2.184ms
[99.475s][info][gc] GC(379) Pause Young (Allocation Failure) 34M->22M(48M) 0.765ms
[99.477s][info][gc] GC(380) Pause Young (Allocation Failure) 35M->35M(48M) 0.048ms
[99.491s][info][gc] GC(381) Pause Full (Allocation Failure) 35M->16M(48M) 14.007ms
[99.494s][info][gc] GC(382) Pause Young (Allocation Failure) 30M->25M(48M) 2.150ms
[99.496s][info][gc] GC(383) Pause Young (Allocation Failure) 39M->39M(48M) 0.053ms
[99.509s][info][gc] GC(384) Pause Full (Allocation Failure) 39M->10M(48M) 12.879ms
[99.513s][info][gc] GC(385) Pause Young (Allocation Failure) 23M->19M(48M) 2.183ms
[99.517s][info][gc] GC(386) Pause Young (Allocation Failure) 32M->28M(48M) 2.528ms
[99.519s][info][gc] GC(387) Pause Young (Allocation Failure) 41M->41M(48M) 0.050ms
[99.532s][info][gc] GC(388) Pause Full (Allocation Failure) 41M->13M(48M) 13.572ms
[99.536s][info][gc] GC(389) Pause Young (Allocation Failure) 27M->22M(48M) 2.350ms
[99.538s][info][gc] GC(390) Pause Young (Allocation Failure) 36M->36M(48M) 0.048ms
[99.550s][info][gc] GC(391) Pause Full (Allocation Failure) 36M->6M(48M) 12.187ms
[99.554s][info][gc] GC(392) Pause Young (Allocation Failure) 19M->15M(48M) 2.341ms
[99.558s][info][gc] GC(393) Pause Young (Allocation Failure) 28M->24M(48M) 2.676ms
[99.560s][info][gc] GC(394) Pause Young (Allocation Failure) 37M->37M(48M) 0.044ms
[99.573s][info][gc] GC(395) Pause Full (Allocation Failure) 37M->10M(48M) 12.826ms
[99.576s][info][gc] GC(396) Pause Young (Allocation Failure) 24M->19M(48M) 2.189ms
[99.580s][info][gc] GC(397) Pause Young (Allocation Failure) 32M->28M(48M) 2.706ms
[99.582s][info][gc] GC(398) Pause Young (Allocation Failure) 41M->41M(48M) 0.044ms
[99.597s][info][gc] GC(399) Pause Full (Allocation Failure) 41M->13M(48M) 14.713ms
[99.600s][info][gc] GC(400) Pause Young (Allocation Failure) 26M->22M(48M) 2.280ms
[99.602s][info][gc] GC(401) Pause Young (Allocation Failure) 35M->35M(48M) 0.048ms
[99.615s][info][gc] GC(402) Pause Full (Allocation Failure) 35M->7M(48M) 12.695ms
[99.619s][info][gc] GC(403) Pause Young (Allocation Failure) 20M->15M(48M) 2.493ms
[99.623s][info][gc] GC(404) Pause Young (Allocation Failure) 29M->24M(48M) 2.698ms
[99.625s][info][gc] GC(405) Pause Young (Allocation Failure) 38M->38M(48M) 0.044ms
[99.638s][info][gc] GC(406) Pause Full (Allocation Failure) 38M->8M(48M) 13.318ms
[99.642s][info][gc] GC(407) Pause Young (Allocation Failure) 21M->17M(48M) 2.482ms
[99.646s][info][gc] GC(408) Pause Young (Allocation Failure) 30M->26M(48M) 2.485ms
[99.648s][info][gc] GC(409) Pause Young (Allocation Failure) 39M->39M(48M) 0.047ms
[99.661s][info][gc] GC(410) Pause Full (Allocation Failure) 39M->12M(48M) 13.372ms
[99.665s][info][gc] GC(411) Pause Young (Allocation Failure) 26M->21M(48M) 2.184ms
[99.666s][info][gc] GC(412) Pause Young (Allocation Failure) 35M->35M(48M) 0.043ms
[99.678s][info][gc] GC(413) Pause Full (Allocation Failure) 35M->6M(48M) 11.950ms
[99.682s][info][gc] GC(414) Pause Young (Allocation Failure) 19M->15M(48M) 2.327ms
[99.686s][info][gc] GC(415) Pause Young (Allocation Failure) 28M->24M(48M) 2.573ms
[99.687s][info][gc] GC(416) Pause Young (Allocation Failure) 37M->37M(48M) 0.043ms
[99.700s][info][gc] GC(417) Pause Full (Allocation Failure) 37M->9M(48M) 12.636ms
[99.704s][info][gc] GC(418) Pause Young (Allocation Failure) 22M->18M(48M) 2.190ms
[99.707s][info][gc] GC(419) Pause Young (Allocation Failure) 31M->27M(48M) 2.510ms
[99.709s][info][gc] GC(420) Pause Young (Allocation Failure) 40M->40M(48M) 0.043ms
[99.722s][info][gc] GC(421) Pause Full (Allocation Failure) 40M->11M(48M) 13.125ms
[99.726s][info][gc] GC(422) Pause Young (Allocation Failure) 24M->19M(48M) 2.356ms
[99.728s][info][gc] GC(423) Pause Young (Allocation Failure) 33M->19M(48M) 0.490ms
[99.732s][info][gc] GC(424) Pause Young (Allocation Failure) 32M->28M(48M) 2.463ms
[99.734s][info][gc] GC(425) Pause Young (Allocation Failure) 41M->41M(48M) 0.052ms
[99.749s][info][gc] GC(426) Pause Full (Allocation Failure) 41M->24M(48M) 15.542ms
[99.751s][info][gc] GC(427) Pause Young (Allocation Failure) 37M->37M(48M) 0.045ms
[99.763s][info][gc] GC(428) Pause Full (Allocation Failure) 37M->9M(48M) 12.466ms
[99.767s][info][gc] GC(429) Pause Young (Allocation Failure) 22M->17M(48M) 2.208ms
[99.770s][info][gc] GC(430) Pause Young (Allocation Failure) 31M->26M(48M) 2.493ms
[99.772s][info][gc] GC(431) Pause Young (Allocation Failure) 40M->40M(48M) 0.042ms
[99.785s][info][gc] GC(432) Pause Full (Allocation Failure) 40M->11M(48M) 13.309ms
[99.789s][info][gc] GC(433) Pause Young (Allocation Failure) 25M->20M(48M) 2.189ms
[99.792s][info][gc] GC(434) Pause Young (Allocation Failure) 34M->29M(48M) 2.510ms
[99.794s][info][gc] GC(435) Pause Young (Allocation Failure) 43M->43M(48M) 0.043ms
[99.808s][info][gc] GC(436) Pause Full (Allocation Failure) 43M->13M(48M) 13.955ms
[99.812s][info][gc] GC(437) Pause Young (Allocation Failure) 26M->22M(48M) 2.180ms
[99.813s][info][gc] GC(438) Pause Young (Allocation Failure) 35M->35M(48M) 0.043ms
[99.826s][info][gc] GC(439) Pause Full (Allocation Failure) 35M->9M(48M) 12.504ms
[99.829s][info][gc] GC(440) Pause Young (Allocation Failure) 22M->17M(48M) 2.280ms
[99.833s][info][gc] GC(441) Pause Young (Allocation Failure) 31M->26M(48M) 2.509ms
[99.835s][info][gc] GC(442) Pause Young (Allocation Failure) 40M->40M(48M) 0.043ms
[99.848s][info][gc] GC(443) Pause Full (Allocation Failure) 40M->11M(48M) 13.041ms
[99.852s][info][gc] GC(444) Pause Young (Allocation Failure) 25M->20M(48M) 2.352ms
[99.856s][info][gc] GC(445) Pause Young (Allocation Failure) 33M->29M(48M) 2.560ms
[99.858s][info][gc] GC(446) Pause Young (Allocation Failure) 42M->42M(48M) 0.052ms
[99.873s][info][gc] GC(447) Pause Full (Allocation Failure) 42M->14M(48M) 14.196ms
[99.876s][info][gc] GC(448) Pause Young (Allocation Failure) 27M->23M(48M) 2.362ms
[99.878s][info][gc] GC(449) Pause Young (Allocation Failure) 36M->36M(48M) 0.046ms
[99.891s][info][gc] GC(450) Pause Full (Allocation Failure) 36M->7M(48M) 12.557ms
[99.894s][info][gc] GC(451) Pause Young (Allocation Failure) 20M->15M(48M) 2.268ms
[99.899s][info][gc] GC(452) Pause Young (Allocation Failure) 29M->24M(48M) 2.853ms
[99.900s][info][gc] GC(453) Pause Young (Allocation Failure) 38M->38M(48M) 0.044ms
[99.913s][info][gc] GC(454) Pause Full (Allocation Failure) 38M->11M(48M) 13.196ms
[99.917s][info][gc] GC(455) Pause Young (Allocation Failure) 25M->20M(48M) 2.315ms
[99.921s][info][gc] GC(456) Pause Young (Allocation Failure) 33M->29M(48M) 2.634ms
[99.923s][info][gc] GC(457) Pause Young (Allocation Failure) 42M->42M(48M) 0.044ms
[99.937s][info][gc] GC(458) Pause Full (Allocation Failure) 42M->13M(48M) 13.593ms
[99.940s][info][gc] GC(459) Pause Young (Allocation Failure) 26M->22M(48M) 2.331ms
[99.942s][info][gc] GC(460) Pause Young (Allocation Failure) 35M->35M(48M) 0.044ms
[99.955s][info][gc] GC(461) Pause Full (Allocation Failure) 35M->7M(48M) 13.204ms
[99.959s][info][gc] GC(462) Pause Young (Allocation Failure) 21M->16M(48M) 2.447ms
[99.963s][info][gc] GC(463) Pause Young (Allocation Failure) 30M->25M(48M) 2.804ms
[99.965s][info][gc] GC(464) Pause Young (Allocation Failure) 38M->38M(48M) 0.046ms
[99.979s][info][gc] GC(465) Pause Full (Allocation Failure) 38M->9M(48M) 13.900ms
[99.983s][info][gc] GC(466) Pause Young (Allocation Failure) 23M->18M(48M) 2.303ms
[99.988s][info][gc] GC(467) Pause Young (Allocation Failure) 31M->27M(48M) 2.856ms
[99.990s][info][gc] GC(468) Pause Young (Allocation Failure) 40M->40M(48M) 0.050ms
[100.005s][info][gc] GC(469) Pause Full (Allocation Failure) 40M->14M(48M) 15.122ms
[100.009s][info][gc] GC(470) Pause Young (Allocation Failure) 27M->23M(48M) 2.479ms
[100.011s][info][gc] GC(471) Pause Young (Allocation Failure) 36M->36M(48M) 0.047ms
[100.024s][info][gc] GC(472) Pause Full (Allocation Failure) 36M->7M(48M) 13.088ms
[100.028s][info][gc] GC(473) Pause Young (Allocation Failure) 21M->16M(48M) 2.227ms
[100.032s][info][gc] GC(474) Pause Young (Allocation Failure) 30M->25M(48M) 2.745ms
[100.034s][info][gc] GC(475) Pause Young (Allocation Failure) 38M->38M(48M) 0.042ms
[100.047s][info][gc] GC(476) Pause Full (Allocation Failure) 38M->10M(48M) 13.148ms
[100.050s][info][gc] GC(477) Pause Young (Allocation Failure) 24M->19M(48M) 2.199ms
[100.054s][info][gc] GC(478) Pause Young (Allocation Failure) 33M->28M(48M) 2.537ms
[100.056s][info][gc] GC(479) Pause Young (Allocation Failure) 42M->42M(48M) 0.044ms
[100.069s][info][gc] GC(480) Pause Full (Allocation Failure) 42M->12M(48M) 13.701ms
[100.073s][info][gc] GC(481) Pause Young (Allocation Failure) 25M->21M(48M) 2.410ms
[100.075s][info][gc] GC(482) Pause Young (Allocation Failure) 34M->34M(48M) 0.049ms
[100.087s][info][gc] GC(483) Pause Full (Allocation Failure) 34M->8M(48M) 12.584ms
[100.091s][info][gc] GC(484) Pause Young (Allocation Failure) 21M->17M(48M) 2.225ms
[100.095s][info][gc] GC(485) Pause Young (Allocation Failure) 30M->25M(48M) 2.636ms
[100.096s][info][gc] GC(486) Pause Young (Allocation Failure) 39M->39M(48M) 0.049ms
[100.110s][info][gc] GC(487) Pause Full (Allocation Failure) 39M->10M(48M) 13.408ms
[100.113s][info][gc] GC(488) Pause Young (Allocation Failure) 23M->19M(48M) 2.232ms
[100.117s][info][gc] GC(489) Pause Young (Allocation Failure) 32M->28M(48M) 2.660ms
[100.119s][info][gc] GC(490) Pause Young (Allocation Failure) 41M->41M(48M) 0.047ms
[100.133s][info][gc] GC(491) Pause Full (Allocation Failure) 41M->13M(48M) 14.257ms
[100.137s][info][gc] GC(492) Pause Young (Allocation Failure) 26M->22M(48M) 2.213ms
[100.138s][info][gc] GC(493) Pause Young (Allocation Failure) 35M->35M(48M) 0.048ms
[100.151s][info][gc] GC(494) Pause Full (Allocation Failure) 35M->6M(48M) 12.684ms
[100.154s][info][gc] GC(495) Pause Young (Allocation Failure) 19M->15M(48M) 2.241ms
[100.158s][info][gc] GC(496) Pause Young (Allocation Failure) 28M->24M(48M) 2.511ms
[100.160s][info][gc] GC(497) Pause Young (Allocation Failure) 37M->37M(48M) 0.044ms
[100.173s][info][gc] GC(498) Pause Full (Allocation Failure) 37M->10M(48M) 13.415ms
[100.177s][info][gc] GC(499) Pause Young (Allocation Failure) 24M->19M(48M) 2.240ms
[100.181s][info][gc] GC(500) Pause Young (Allocation Failure) 32M->28M(48M) 2.745ms
[100.182s][info][gc] GC(501) Pause Young (Allocation Failure) 41M->41M(48M) 0.044ms
[100.196s][info][gc] GC(502) Pause Full (Allocation Failure) 41M->13M(48M) 13.890ms
[100.200s][info][gc] GC(503) Pause Young (Allocation Failure) 26M->21M(48M) 2.447ms
[100.202s][info][gc] GC(504) Pause Young (Allocation Failure) 35M->35M(48M) 0.050ms
[100.215s][info][gc] GC(505) Pause Full (Allocation Failure) 35M->7M(48M) 12.944ms
[100.219s][info][gc] GC(506) Pause Young (Allocation Failure) 20M->16M(48M) 2.336ms
[100.223s][info][gc] GC(507) Pause Young (Allocation Failure) 29M->25M(48M) 2.998ms
[100.225s][info][gc] GC(508) Pause Young (Allocation Failure) 38M->38M(48M) 0.045ms
[100.239s][info][gc] GC(509) Pause Full (Allocation Failure) 38M->9M(48M) 14.230ms
[100.243s][info][gc] GC(510) Pause Young (Allocation Failure) 22M->17M(48M) 2.333ms
[100.248s][info][gc] GC(511) Pause Young (Allocation Failure) 31M->26M(48M) 3.355ms
[100.252s][info][gc] GC(512) Pause Young (Allocation Failure) 40M->40M(48M) 0.053ms
[100.266s][info][gc] GC(513) Pause Full (Allocation Failure) 40M->13M(48M) 14.293ms
[100.270s][info][gc] GC(514) Pause Young (Allocation Failure) 26M->22M(48M) 2.225ms
[100.272s][info][gc] GC(515) Pause Young (Allocation Failure) 35M->35M(48M) 0.044ms
[100.285s][info][gc] GC(516) Pause Full (Allocation Failure) 35M->6M(48M) 13.110ms
[100.289s][info][gc] GC(517) Pause Young (Allocation Failure) 20M->15M(48M) 2.478ms
[100.294s][info][gc] GC(518) Pause Young (Allocation Failure) 29M->24M(48M) 2.691ms
[100.295s][info][gc] GC(519) Pause Young (Allocation Failure) 37M->37M(48M) 0.048ms
[100.309s][info][gc] GC(520) Pause Full (Allocation Failure) 37M->10M(48M) 13.656ms
[100.313s][info][gc] GC(521) Pause Young (Allocation Failure) 23M->18M(48M) 2.576ms
[100.317s][info][gc] GC(522) Pause Young (Allocation Failure) 32M->27M(48M) 2.646ms
[100.319s][info][gc] GC(523) Pause Young (Allocation Failure) 41M->41M(48M) 0.049ms
[100.334s][info][gc] GC(524) Pause Full (Allocation Failure) 41M->11M(48M) 15.061ms
[100.338s][info][gc] GC(525) Pause Young (Allocation Failure) 24M->20M(48M) 2.271ms
[100.340s][info][gc] GC(526) Pause Young (Allocation Failure) 33M->19M(48M) 0.503ms
[100.344s][info][gc] GC(527) Pause Young (Allocation Failure) 32M->28M(48M) 2.623ms
[100.345s][info][gc] GC(528) Pause Young (Allocation Failure) 41M->41M(48M) 0.045ms
[100.363s][info][gc] GC(529) Pause Full (Allocation Failure) 41M->24M(48M) 17.091ms
[100.364s][info][gc] GC(530) Pause Young (Allocation Failure) 37M->37M(48M) 0.049ms
[100.378s][info][gc] GC(531) Pause Full (Allocation Failure) 37M->9M(48M) 13.816ms
[100.382s][info][gc] GC(532) Pause Young (Allocation Failure) 23M->18M(48M) 2.510ms
[100.386s][info][gc] GC(533) Pause Young (Allocation Failure) 31M->27M(48M) 2.519ms
[100.387s][info][gc] GC(534) Pause Young (Allocation Failure) 40M->40M(48M) 0.044ms
[100.402s][info][gc] GC(535) Pause Full (Allocation Failure) 40M->12M(48M) 14.281ms
[100.405s][info][gc] GC(536) Pause Young (Allocation Failure) 25M->21M(48M) 2.251ms
[100.406s][info][gc] GC(537) Pause Young (Allocation Failure) 34M->34M(48M) 0.044ms
[100.424s][info][gc] GC(538) Pause Full (Allocation Failure) 34M->28M(48M) 17.188ms
[100.425s][info][gc] GC(539) Pause Young (Allocation Failure) 42M->42M(48M) 0.044ms
[100.440s][info][gc] GC(540) Pause Full (Allocation Failure) 42M->14M(48M) 14.573ms
[100.443s][info][gc] GC(541) Pause Young (Allocation Failure) 28M->23M(48M) 2.214ms
[100.445s][info][gc] GC(542) Pause Young (Allocation Failure) 37M->37M(48M) 0.042ms
[100.458s][info][gc] GC(543) Pause Full (Allocation Failure) 37M->8M(48M) 13.368ms
[100.462s][info][gc] GC(544) Pause Young (Allocation Failure) 22M->17M(48M) 2.217ms
[100.466s][info][gc] GC(545) Pause Young (Allocation Failure) 31M->26M(48M) 2.629ms
[100.467s][info][gc] GC(546) Pause Young (Allocation Failure) 39M->39M(48M) 0.045ms
[100.481s][info][gc] GC(547) Pause Full (Allocation Failure) 39M->11M(48M) 14.095ms
[100.485s][info][gc] GC(548) Pause Young (Allocation Failure) 25M->20M(48M) 2.534ms
[100.489s][info][gc] GC(549) Pause Young (Allocation Failure) 33M->29M(48M) 2.519ms
[100.491s][info][gc] GC(550) Pause Young (Allocation Failure) 42M->42M(48M) 0.048ms
[100.506s][info][gc] GC(551) Pause Full (Allocation Failure) 42M->13M(48M) 14.915ms
[100.509s][info][gc] GC(552) Pause Young (Allocation Failure) 26M->22M(48M) 2.233ms
[100.511s][info][gc] GC(553) Pause Young (Allocation Failure) 35M->35M(48M) 0.044ms
[100.524s][info][gc] GC(554) Pause Full (Allocation Failure) 35M->8M(48M) 13.158ms
[100.527s][info][gc] GC(555) Pause Young (Allocation Failure) 22M->17M(48M) 2.228ms
[100.532s][info][gc] GC(556) Pause Young (Allocation Failure) 30M->26M(48M) 3.158ms
[100.534s][info][gc] GC(557) Pause Young (Allocation Failure) 39M->39M(48M) 0.053ms
[100.549s][info][gc] GC(558) Pause Full (Allocation Failure) 39M->10M(48M) 14.857ms
[100.553s][info][gc] GC(559) Pause Young (Allocation Failure) 24M->19M(48M) 2.235ms
[100.557s][info][gc] GC(560) Pause Young (Allocation Failure) 33M->28M(48M) 2.585ms
[100.558s][info][gc] GC(561) Pause Young (Allocation Failure) 42M->42M(48M) 0.043ms
[100.573s][info][gc] GC(562) Pause Full (Allocation Failure) 42M->14M(48M) 14.971ms
[100.577s][info][gc] GC(563) Pause Young (Allocation Failure) 27M->23M(48M) 2.262ms
[100.578s][info][gc] GC(564) Pause Young (Allocation Failure) 36M->36M(48M) 0.042ms
[100.592s][info][gc] GC(565) Pause Full (Allocation Failure) 36M->6M(48M) 13.694ms
[100.595s][info][gc] GC(566) Pause Young (Allocation Failure) 20M->15M(48M) 2.236ms
[100.599s][info][gc] GC(567) Pause Young (Allocation Failure) 29M->24M(48M) 2.576ms
[100.601s][info][gc] GC(568) Pause Young (Allocation Failure) 38M->38M(48M) 0.047ms
[100.615s][info][gc] GC(569) Pause Full (Allocation Failure) 38M->11M(48M) 13.827ms
[100.618s][info][gc] GC(570) Pause Young (Allocation Failure) 24M->19M(48M) 2.212ms
[100.622s][info][gc] GC(571) Pause Young (Allocation Failure) 33M->28M(48M) 2.519ms
[100.624s][info][gc] GC(572) Pause Young (Allocation Failure) 42M->42M(48M) 0.047ms
[100.639s][info][gc] GC(573) Pause Full (Allocation Failure) 42M->13M(48M) 14.671ms
[100.642s][info][gc] GC(574) Pause Young (Allocation Failure) 27M->22M(48M) 2.199ms
[100.644s][info][gc] GC(575) Pause Young (Allocation Failure) 35M->35M(48M) 0.041ms
[100.657s][info][gc] GC(576) Pause Full (Allocation Failure) 35M->7M(48M) 13.086ms
[100.660s][info][gc] GC(577) Pause Young (Allocation Failure) 21M->16M(48M) 2.254ms
[100.664s][info][gc] GC(578) Pause Young (Allocation Failure) 30M->25M(48M) 2.740ms
[100.666s][info][gc] GC(579) Pause Young (Allocation Failure) 38M->38M(48M) 0.043ms
[100.680s][info][gc] GC(580) Pause Full (Allocation Failure) 38M->9M(48M) 13.783ms
[100.683s][info][gc] GC(581) Pause Young (Allocation Failure) 22M->18M(48M) 2.238ms
[100.687s][info][gc] GC(582) Pause Young (Allocation Failure) 31M->27M(48M) 2.563ms
[100.689s][info][gc] GC(583) Pause Young (Allocation Failure) 40M->40M(48M) 0.043ms
[100.703s][info][gc] GC(584) Pause Full (Allocation Failure) 40M->13M(48M) 14.362ms
[100.707s][info][gc] GC(585) Pause Young (Allocation Failure) 27M->22M(48M) 2.230ms
[100.708s][info][gc] GC(586) Pause Young (Allocation Failure) 35M->35M(48M) 0.042ms
[100.721s][info][gc] GC(587) Pause Full (Allocation Failure) 35M->7M(48M) 12.974ms
[100.725s][info][gc] GC(588) Pause Young (Allocation Failure) 20M->16M(48M) 2.234ms
[100.729s][info][gc] GC(589) Pause Young (Allocation Failure) 29M->25M(48M) 2.597ms
[100.730s][info][gc] GC(590) Pause Young (Allocation Failure) 38M->38M(48M) 0.042ms
[100.744s][info][gc] GC(591) Pause Full (Allocation Failure) 38M->10M(48M) 13.612ms
[100.747s][info][gc] GC(592) Pause Young (Allocation Failure) 23M->19M(48M) 2.246ms
[100.751s][info][gc] GC(593) Pause Young (Allocation Failure) 32M->28M(48M) 2.556ms
[100.753s][info][gc] GC(594) Pause Young (Allocation Failure) 41M->41M(48M) 0.042ms
[100.767s][info][gc] GC(595) Pause Full (Allocation Failure) 41M->12M(48M) 14.122ms
[100.770s][info][gc] GC(596) Pause Young (Allocation Failure) 25M->21M(48M) 2.198ms
[100.773s][info][gc] GC(597) Pause Young (Allocation Failure) 34M->21M(48M) 0.671ms
[100.774s][info][gc] GC(598) Pause Young (Allocation Failure) 34M->34M(48M) 0.044ms
[100.789s][info][gc] GC(599) Pause Full (Allocation Failure) 34M->16M(48M) 14.710ms
[100.792s][info][gc] GC(600) Pause Young (Allocation Failure) 29M->25M(48M) 2.250ms
[100.794s][info][gc] GC(601) Pause Young (Allocation Failure) 38M->38M(48M) 0.042ms
[100.807s][info][gc] GC(602) Pause Full (Allocation Failure) 38M->10M(48M) 13.503ms
[100.811s][info][gc] GC(603) Pause Young (Allocation Failure) 23M->18M(48M) 2.194ms
[100.815s][info][gc] GC(604) Pause Young (Allocation Failure) 32M->27M(48M) 2.640ms
[100.816s][info][gc] GC(605) Pause Young (Allocation Failure) 41M->41M(48M) 0.042ms
[100.831s][info][gc] GC(606) Pause Full (Allocation Failure) 41M->13M(48M) 14.604ms
[100.835s][info][gc] GC(607) Pause Young (Allocation Failure) 26M->22M(48M) 2.214ms
[100.836s][info][gc] GC(608) Pause Young (Allocation Failure) 35M->35M(48M) 0.046ms
[100.852s][info][gc] GC(609) Pause Full (Allocation Failure) 35M->5M(48M) 15.942ms
[100.858s][info][gc] GC(610) Pause Young (Allocation Failure) 19M->14M(48M) 3.190ms
[100.863s][info][gc] GC(611) Pause Young (Allocation Failure) 28M->23M(48M) 3.918ms
[100.866s][info][gc] GC(612) Pause Young (Allocation Failure) 37M->37M(48M) 0.074ms
[100.883s][info][gc] GC(613) Pause Full (Allocation Failure) 37M->10M(48M) 17.084ms
[100.892s][info][gc] GC(614) Pause Young (Allocation Failure) 23M->19M(48M) 3.432ms
[100.897s][info][gc] GC(615) Pause Young (Allocation Failure) 32M->28M(48M) 3.131ms
[100.899s][info][gc] GC(616) Pause Young (Allocation Failure) 41M->41M(48M) 0.052ms
[100.919s][info][gc] GC(617) Pause Full (Allocation Failure) 41M->13M(48M) 19.621ms
[100.925s][info][gc] GC(618) Pause Young (Allocation Failure) 26M->21M(48M) 3.611ms
[100.927s][info][gc] GC(619) Pause Young (Allocation Failure) 35M->35M(48M) 0.055ms
[100.941s][info][gc] GC(620) Pause Full (Allocation Failure) 35M->6M(48M) 14.666ms
[100.945s][info][gc] GC(621) Pause Young (Allocation Failure) 20M->15M(48M) 2.263ms
[100.949s][info][gc] GC(622) Pause Young (Allocation Failure) 29M->24M(48M) 2.575ms
[100.951s][info][gc] GC(623) Pause Young (Allocation Failure) 37M->37M(48M) 0.049ms
[100.965s][info][gc] GC(624) Pause Full (Allocation Failure) 37M->8M(48M) 14.173ms
[100.968s][info][gc] GC(625) Pause Young (Allocation Failure) 22M->17M(48M) 2.223ms
[100.972s][info][gc] GC(626) Pause Young (Allocation Failure) 31M->26M(48M) 2.714ms
[100.974s][info][gc] GC(627) Pause Young (Allocation Failure) 40M->40M(48M) 0.047ms
[100.989s][info][gc] GC(628) Pause Full (Allocation Failure) 40M->13M(48M) 14.775ms
[100.992s][info][gc] GC(629) Pause Young (Allocation Failure) 26M->22M(48M) 2.208ms
[100.993s][info][gc] GC(630) Pause Young (Allocation Failure) 35M->35M(48M) 0.049ms
[101.007s][info][gc] GC(631) Pause Full (Allocation Failure) 35M->7M(48M) 13.296ms
[101.011s][info][gc] GC(632) Pause Young (Allocation Failure) 20M->15M(48M) 2.440ms
[101.014s][info][gc] GC(633) Pause Young (Allocation Failure) 29M->24M(48M) 2.554ms
[101.016s][info][gc] GC(634) Pause Young (Allocation Failure) 38M->38M(48M) 0.043ms
[101.030s][info][gc] GC(635) Pause Full (Allocation Failure) 38M->9M(48M) 14.017ms
[101.034s][info][gc] GC(636) Pause Young (Allocation Failure) 23M->18M(48M) 2.434ms
[101.037s][info][gc] GC(637) Pause Young (Allocation Failure) 32M->27M(48M) 2.560ms
[101.039s][info][gc] GC(638) Pause Young (Allocation Failure) 41M->41M(48M) 0.045ms
[101.054s][info][gc] GC(639) Pause Full (Allocation Failure) 41M->11M(48M) 14.734ms
[101.057s][info][gc] GC(640) Pause Young (Allocation Failure) 24M->20M(48M) 2.165ms
[101.059s][info][gc] GC(641) Pause Young (Allocation Failure) 33M->20M(48M) 0.522ms
[101.063s][info][gc] GC(642) Pause Young (Allocation Failure) 33M->28M(48M) 2.798ms
[101.065s][info][gc] GC(643) Pause Young (Allocation Failure) 42M->42M(48M) 0.047ms
[101.082s][info][gc] GC(644) Pause Full (Allocation Failure) 42M->24M(48M) 17.080ms
[101.084s][info][gc] GC(645) Pause Young (Allocation Failure) 38M->38M(48M) 0.054ms
[101.097s][info][gc] GC(646) Pause Full (Allocation Failure) 38M->9M(48M) 13.881ms
[101.101s][info][gc] GC(647) Pause Young (Allocation Failure) 22M->18M(48M) 2.424ms
[101.105s][info][gc] GC(648) Pause Young (Allocation Failure) 31M->27M(48M) 2.544ms
[101.106s][info][gc] GC(649) Pause Young (Allocation Failure) 40M->40M(48M) 0.044ms
[101.121s][info][gc] GC(650) Pause Full (Allocation Failure) 40M->12M(48M) 14.438ms
[101.125s][info][gc] GC(651) Pause Young (Allocation Failure) 25M->21M(48M) 2.154ms
[101.126s][info][gc] GC(652) Pause Young (Allocation Failure) 34M->34M(48M) 0.044ms
[101.139s][info][gc] GC(653) Pause Full (Allocation Failure) 34M->4M(48M) 13.143ms
[101.143s][info][gc] GC(654) Pause Young (Allocation Failure) 18M->13M(48M) 2.688ms
[101.148s][info][gc] GC(655) Pause Young (Allocation Failure) 27M->22M(48M) 3.148ms
[101.150s][info][gc] GC(656) Pause Young (Allocation Failure) 36M->36M(48M) 0.048ms
[101.165s][info][gc] GC(657) Pause Full (Allocation Failure) 36M->9M(48M) 14.987ms
[101.169s][info][gc] GC(658) Pause Young (Allocation Failure) 22M->18M(48M) 2.713ms
[101.174s][info][gc] GC(659) Pause Young (Allocation Failure) 31M->27M(48M) 3.130ms
[101.176s][info][gc] GC(660) Pause Young (Allocation Failure) 40M->40M(48M) 0.052ms
[101.192s][info][gc] GC(661) Pause Full (Allocation Failure) 40M->11M(48M) 15.989ms
[101.196s][info][gc] GC(662) Pause Young (Allocation Failure) 25M->20M(48M) 2.626ms
[101.201s][info][gc] GC(663) Pause Young (Allocation Failure) 34M->29M(48M) 3.023ms
[101.203s][info][gc] GC(664) Pause Young (Allocation Failure) 42M->42M(48M) 0.052ms
[101.220s][info][gc] GC(665) Pause Full (Allocation Failure) 42M->14M(48M) 17.451ms
[101.225s][info][gc] GC(666) Pause Young (Allocation Failure) 28M->23M(48M) 2.617ms
[101.226s][info][gc] GC(667) Pause Young (Allocation Failure) 36M->36M(48M) 0.052ms
[101.242s][info][gc] GC(668) Pause Full (Allocation Failure) 36M->7M(48M) 15.797ms
[101.250s][info][gc] GC(669) Pause Young (Allocation Failure) 21M->16M(48M) 2.826ms
[101.254s][info][gc] GC(670) Pause Young (Allocation Failure) 29M->25M(48M) 2.926ms
[101.256s][info][gc] GC(671) Pause Young (Allocation Failure) 38M->38M(48M) 0.050ms
[101.273s][info][gc] GC(672) Pause Full (Allocation Failure) 38M->12M(48M) 15.983ms
[101.277s][info][gc] GC(673) Pause Young (Allocation Failure) 25M->21M(48M) 2.618ms
[101.278s][info][gc] GC(674) Pause Young (Allocation Failure) 34M->34M(48M) 0.051ms
[101.295s][info][gc] GC(675) Pause Full (Allocation Failure) 34M->30M(48M) 16.796ms
[101.298s][info][gc] GC(676) Pause Young (Allocation Failure) 43M->43M(48M) 0.054ms
[101.314s][info][gc] GC(677) Pause Full (Allocation Failure) 43M->14M(48M) 16.653ms
[101.319s][info][gc] GC(678) Pause Young (Allocation Failure) 28M->23M(48M) 2.720ms
[101.320s][info][gc] GC(679) Pause Young (Allocation Failure) 37M->37M(48M) 0.049ms
[101.336s][info][gc] GC(680) Pause Full (Allocation Failure) 37M->7M(48M) 15.513ms
[101.340s][info][gc] GC(681) Pause Young (Allocation Failure) 21M->16M(48M) 2.781ms
[101.345s][info][gc] GC(682) Pause Young (Allocation Failure) 30M->25M(48M) 2.974ms
[101.347s][info][gc] GC(683) Pause Young (Allocation Failure) 39M->39M(48M) 0.053ms
[101.363s][info][gc] GC(684) Pause Full (Allocation Failure) 39M->12M(48M) 15.928ms
[101.367s][info][gc] GC(685) Pause Young (Allocation Failure) 25M->21M(48M) 2.528ms
[101.368s][info][gc] GC(686) Pause Young (Allocation Failure) 34M->34M(48M) 0.053ms
[101.387s][info][gc] GC(687) Pause Full (Allocation Failure) 34M->30M(48M) 18.508ms
[101.389s][info][gc] GC(688) Pause Young (Allocation Failure) 43M->43M(48M) 0.055ms
[101.406s][info][gc] GC(689) Pause Full (Allocation Failure) 43M->14M(48M) 17.353ms
[101.411s][info][gc] GC(690) Pause Young (Allocation Failure) 28M->23M(48M) 2.479ms
[101.412s][info][gc] GC(691) Pause Young (Allocation Failure) 37M->37M(48M) 0.051ms
[101.427s][info][gc] GC(692) Pause Full (Allocation Failure) 37M->7M(48M) 14.674ms
[101.431s][info][gc] GC(693) Pause Young (Allocation Failure) 21M->16M(48M) 2.961ms
[101.435s][info][gc] GC(694) Pause Young (Allocation Failure) 29M->25M(48M) 2.610ms
[101.437s][info][gc] GC(695) Pause Young (Allocation Failure) 38M->38M(48M) 0.057ms
[101.452s][info][gc] GC(696) Pause Full (Allocation Failure) 38M->12M(48M) 15.204ms
[101.456s][info][gc] GC(697) Pause Young (Allocation Failure) 25M->21M(48M) 2.299ms
[101.457s][info][gc] GC(698) Pause Young (Allocation Failure) 34M->34M(48M) 0.049ms
[101.473s][info][gc] GC(699) Pause Full (Allocation Failure) 34M->29M(48M) 15.696ms
[101.475s][info][gc] GC(700) Pause Young (Allocation Failure) 43M->43M(48M) 0.050ms
[101.490s][info][gc] GC(701) Pause Full (Allocation Failure) 43M->14M(48M) 15.526ms
[101.495s][info][gc] GC(702) Pause Young (Allocation Failure) 27M->23M(48M) 3.013ms
[101.497s][info][gc] GC(703) Pause Young (Allocation Failure) 36M->36M(48M) 0.047ms
[101.511s][info][gc] GC(704) Pause Full (Allocation Failure) 36M->7M(48M) 14.365ms
[101.515s][info][gc] GC(705) Pause Young (Allocation Failure) 20M->16M(48M) 2.381ms
[101.519s][info][gc] GC(706) Pause Young (Allocation Failure) 29M->25M(48M) 2.685ms
[101.521s][info][gc] GC(707) Pause Young (Allocation Failure) 38M->38M(48M) 0.050ms
[101.537s][info][gc] GC(708) Pause Full (Allocation Failure) 38M->11M(48M) 15.512ms
[101.541s][info][gc] GC(709) Pause Young (Allocation Failure) 25M->20M(48M) 2.421ms
[101.542s][info][gc] GC(710) Pause Young (Allocation Failure) 34M->34M(48M) 0.057ms
[101.558s][info][gc] GC(711) Pause Full (Allocation Failure) 34M->29M(48M) 16.096ms
[101.560s][info][gc] GC(712) Pause Young (Allocation Failure) 42M->42M(48M) 0.051ms
[101.576s][info][gc] GC(713) Pause Full (Allocation Failure) 42M->14M(48M) 15.696ms
[101.579s][info][gc] GC(714) Pause Young (Allocation Failure) 27M->23M(48M) 2.383ms
[101.581s][info][gc] GC(715) Pause Young (Allocation Failure) 36M->36M(48M) 0.045ms
[101.595s][info][gc] GC(716) Pause Full (Allocation Failure) 36M->7M(48M) 14.331ms
[101.599s][info][gc] GC(717) Pause Young (Allocation Failure) 20M->16M(48M) 2.385ms
[101.604s][info][gc] GC(718) Pause Young (Allocation Failure) 29M->24M(48M) 3.150ms
[101.605s][info][gc] GC(719) Pause Young (Allocation Failure) 38M->38M(48M) 0.047ms
[101.621s][info][gc] GC(720) Pause Full (Allocation Failure) 38M->11M(48M) 15.002ms
[101.624s][info][gc] GC(721) Pause Young (Allocation Failure) 24M->20M(48M) 2.527ms
[101.629s][info][gc] GC(722) Pause Young (Allocation Failure) 33M->29M(48M) 2.877ms
[101.631s][info][gc] GC(723) Pause Young (Allocation Failure) 42M->42M(48M) 0.046ms
[101.647s][info][gc] GC(724) Pause Full (Allocation Failure) 42M->13M(48M) 16.343ms
[101.651s][info][gc] GC(725) Pause Young (Allocation Failure) 27M->22M(48M) 2.322ms
[101.652s][info][gc] GC(726) Pause Young (Allocation Failure) 36M->36M(48M) 0.050ms
[101.666s][info][gc] GC(727) Pause Full (Allocation Failure) 36M->7M(48M) 14.104ms
[101.671s][info][gc] GC(728) Pause Young (Allocation Failure) 21M->16M(48M) 2.844ms
[101.675s][info][gc] GC(729) Pause Young (Allocation Failure) 29M->25M(48M) 2.675ms
[101.677s][info][gc] GC(730) Pause Young (Allocation Failure) 38M->38M(48M) 0.044ms
[101.692s][info][gc] GC(731) Pause Full (Allocation Failure) 38M->9M(48M) 15.060ms
[101.696s][info][gc] GC(732) Pause Young (Allocation Failure) 22M->18M(48M) 2.531ms
[101.700s][info][gc] GC(733) Pause Young (Allocation Failure) 31M->27M(48M) 2.917ms
[101.703s][info][gc] GC(734) Pause Young (Allocation Failure) 40M->40M(48M) 0.069ms
[101.719s][info][gc] GC(735) Pause Full (Allocation Failure) 40M->13M(48M) 15.634ms
[101.722s][info][gc] GC(736) Pause Young (Allocation Failure) 27M->22M(48M) 2.435ms
[101.724s][info][gc] GC(737) Pause Young (Allocation Failure) 36M->36M(48M) 0.049ms
[101.739s][info][gc] GC(738) Pause Full (Allocation Failure) 36M->7M(48M) 14.344ms
[101.743s][info][gc] GC(739) Pause Young (Allocation Failure) 20M->16M(48M) 2.494ms
[101.747s][info][gc] GC(740) Pause Young (Allocation Failure) 29M->25M(48M) 2.890ms
[101.749s][info][gc] GC(741) Pause Young (Allocation Failure) 38M->38M(48M) 0.047ms
[101.764s][info][gc] GC(742) Pause Full (Allocation Failure) 38M->10M(48M) 15.180ms
[101.768s][info][gc] GC(743) Pause Young (Allocation Failure) 23M->18M(48M) 2.445ms
[101.772s][info][gc] GC(744) Pause Young (Allocation Failure) 32M->27M(48M) 2.668ms
[182.296s][info][gc] GC(745) Pause Young (Allocation Failure) 41M->41M(48M) 0.048ms
[182.316s][info][gc] GC(746) Pause Full (Allocation Failure) 41M->27M(48M) 19.356ms
