[0.007s][info][gc] Using Serial
[1.084s][info][gc] GC(0) Pause Young (Allocation Failure) 3M->1M(11M) 6.567ms
[2.077s][info][gc] GC(1) Pause Young (Allocation Failure) 4M->2M(11M) 3.488ms
[2.146s][info][gc] GC(2) Pause Young (Allocation Failure) 5M->3M(11M) 2.818ms
[2.179s][info][gc] GC(3) Pause Young (Allocation Failure) 6M->3M(11M) 1.201ms
[2.262s][info][gc] GC(4) Pause Young (Allocation Failure) 6M->3M(11M) 1.049ms
[2.432s][info][gc] GC(5) Pause Young (Allocation Failure) 6M->4M(11M) 3.399ms
[14.477s][info][gc] GC(6) Pause Young (Allocation Failure) 7M->4M(11M) 5.117ms
[40.506s][info][gc] GC(7) Pause Young (Allocation Failure) 7M->4M(11M) 1.453ms
[59.516s][info][gc] GC(8) Pause Young (Allocation Failure) 7M->5M(11M) 1.578ms
[87.525s][info][gc] GC(9) Pause Young (Allocation Failure) 8M->5M(11M) 1.402ms
[107.533s][info][gc] GC(10) Pause Young (Allocation Failure) 8M->6M(11M) 1.032ms
[135.545s][info][gc] GC(11) Pause Young (Allocation Failure) 9M->6M(11M) 0.671ms
[164.553s][info][gc] GC(12) Pause Young (Allocation Failure) 9M->6M(11M) 0.810ms
[193.561s][info][gc] GC(13) Pause Young (Allocation Failure) 9M->6M(11M) 0.686ms
[222.575s][info][gc] GC(14) Pause Young (Allocation Failure) 9M->6M(11M) 0.515ms
[242.588s][info][gc] GC(15) Pause Young (Allocation Failure) 9M->6M(11M) 0.657ms
[253.611s][info][gc] GC(16) Pause Young (Allocation Failure) 9M->7M(11M) 0.918ms
[253.621s][info][gc] GC(17) Pause Young (Allocation Failure) 10M->10M(11M) 0.038ms
[253.637s][info][gc] GC(18) Pause Full (Allocation Failure) 10M->6M(11M) 16.246ms
[253.648s][info][gc] GC(19) Pause Young (Allocation Failure) 9M->6M(11M) 0.484ms
[253.652s][info][gc] GC(20) Pause Young (Allocation Failure) 9M->6M(11M) 0.192ms
[253.657s][info][gc] GC(21) Pause Young (Allocation Failure) 9M->6M(11M) 0.177ms
[253.661s][info][gc] GC(22) Pause Young (Allocation Failure) 10M->7M(11M) 0.156ms
[253.665s][info][gc] GC(23) Pause Young (Allocation Failure) 10M->7M(11M) 0.223ms
[253.669s][info][gc] GC(24) Pause Young (Allocation Failure) 10M->7M(11M) 0.235ms
[253.672s][info][gc] GC(25) Pause Young (Allocation Failure) 9M->9M(11M) 0.035ms
[253.686s][info][gc] GC(26) Pause Full (Allocation Failure) 9M->6M(11M) 13.395ms
[268.606s][info][gc] GC(27) Pause Young (Allocation Failure) 10M->7M(11M) 1.136ms
